running egg_info
creating ../../build/py02_servise/py02_servise.egg-info
writing ../../build/py02_servise/py02_servise.egg-info/PKG-INFO
writing dependency_links to ../../build/py02_servise/py02_servise.egg-info/dependency_links.txt
writing entry points to ../../build/py02_servise/py02_servise.egg-info/entry_points.txt
writing requirements to ../../build/py02_servise/py02_servise.egg-info/requires.txt
writing top-level names to ../../build/py02_servise/py02_servise.egg-info/top_level.txt
writing manifest file '../../build/py02_servise/py02_servise.egg-info/SOURCES.txt'
reading manifest file '../../build/py02_servise/py02_servise.egg-info/SOURCES.txt'
writing manifest file '../../build/py02_servise/py02_servise.egg-info/SOURCES.txt'
running build
running build_py
creating /home/zhiyan/ros2_tutorial/ws01_plumbing/build/py02_servise/build
creating /home/zhiyan/ros2_tutorial/ws01_plumbing/build/py02_servise/build/lib
creating /home/zhiyan/ros2_tutorial/ws01_plumbing/build/py02_servise/build/lib/py02_servise
copying py02_servise/demo02_client_py.py -> /home/zhiyan/ros2_tutorial/ws01_plumbing/build/py02_servise/build/lib/py02_servise
copying py02_servise/demo01_server_py.py -> /home/zhiyan/ros2_tutorial/ws01_plumbing/build/py02_servise/build/lib/py02_servise
copying py02_servise/__init__.py -> /home/zhiyan/ros2_tutorial/ws01_plumbing/build/py02_servise/build/lib/py02_servise
running install
running install_lib
creating /home/zhiyan/ros2_tutorial/ws01_plumbing/install/py02_servise/lib/python3.10/site-packages/py02_servise
copying /home/zhiyan/ros2_tutorial/ws01_plumbing/build/py02_servise/build/lib/py02_servise/demo02_client_py.py -> /home/zhiyan/ros2_tutorial/ws01_plumbing/install/py02_servise/lib/python3.10/site-packages/py02_servise
copying /home/zhiyan/ros2_tutorial/ws01_plumbing/build/py02_servise/build/lib/py02_servise/demo01_server_py.py -> /home/zhiyan/ros2_tutorial/ws01_plumbing/install/py02_servise/lib/python3.10/site-packages/py02_servise
copying /home/zhiyan/ros2_tutorial/ws01_plumbing/build/py02_servise/build/lib/py02_servise/__init__.py -> /home/zhiyan/ros2_tutorial/ws01_plumbing/install/py02_servise/lib/python3.10/site-packages/py02_servise
byte-compiling /home/zhiyan/ros2_tutorial/ws01_plumbing/install/py02_servise/lib/python3.10/site-packages/py02_servise/demo02_client_py.py to demo02_client_py.cpython-310.pyc
byte-compiling /home/zhiyan/ros2_tutorial/ws01_plumbing/install/py02_servise/lib/python3.10/site-packages/py02_servise/demo01_server_py.py to demo01_server_py.cpython-310.pyc
byte-compiling /home/zhiyan/ros2_tutorial/ws01_plumbing/install/py02_servise/lib/python3.10/site-packages/py02_servise/__init__.py to __init__.cpython-310.pyc
running install_data
creating /home/zhiyan/ros2_tutorial/ws01_plumbing/install/py02_servise/share/ament_index
creating /home/zhiyan/ros2_tutorial/ws01_plumbing/install/py02_servise/share/ament_index/resource_index
creating /home/zhiyan/ros2_tutorial/ws01_plumbing/install/py02_servise/share/ament_index/resource_index/packages
copying resource/py02_servise -> /home/zhiyan/ros2_tutorial/ws01_plumbing/install/py02_servise/share/ament_index/resource_index/packages
copying package.xml -> /home/zhiyan/ros2_tutorial/ws01_plumbing/install/py02_servise/share/py02_servise
running install_egg_info
Copying ../../build/py02_servise/py02_servise.egg-info to /home/zhiyan/ros2_tutorial/ws01_plumbing/install/py02_servise/lib/python3.10/site-packages/py02_servise-0.0.0-py3.10.egg-info
running install_scripts
Installing demo01_server_py script to /home/zhiyan/ros2_tutorial/ws01_plumbing/install/py02_servise/lib/py02_servise
writing list of installed files to '/home/zhiyan/ros2_tutorial/ws01_plumbing/build/py02_servise/install.log'
