[0.010s] Invoking command in '/home/zhiyan/ws00_helloworld/build/pkg01_helloworld_cpp': CMAKE_PREFIX_PATH=${CMAKE_PREFIX_PATH}:/home/zhiyan/ws00_helloworld/install/pkg02_helloworld_py:/opt/ros/humble /usr/bin/cmake --build /home/zhiyan/ws00_helloworld/build/pkg01_helloworld_cpp -- -j20 -l20
[0.039s] [35m[1mConsolidate compiler generated dependencies of target helloworld[0m
[0.052s] [100%] Built target helloworld
[0.157s] Invoked command in '/home/zhiyan/ws00_helloworld/build/pkg01_helloworld_cpp' returned '0': CMAKE_PREFIX_PATH=${CMAKE_PREFIX_PATH}:/home/zhiyan/ws00_helloworld/install/pkg02_helloworld_py:/opt/ros/humble /usr/bin/cmake --build /home/zhiyan/ws00_helloworld/build/pkg01_helloworld_cpp -- -j20 -l20
[0.166s] Invoking command in '/home/zhiyan/ws00_helloworld/build/pkg01_helloworld_cpp': CMAKE_PREFIX_PATH=${CMAKE_PREFIX_PATH}:/home/zhiyan/ws00_helloworld/install/pkg02_helloworld_py:/opt/ros/humble /usr/bin/cmake --install /home/zhiyan/ws00_helloworld/build/pkg01_helloworld_cpp
[0.170s] -- Install configuration: ""
[0.170s] -- Up-to-date: /home/zhiyan/ws00_helloworld/install/pkg01_helloworld_cpp/lib/pkg01_helloworld_cpp/helloworld
[0.170s] -- Up-to-date: /home/zhiyan/ws00_helloworld/install/pkg01_helloworld_cpp/share/ament_index/resource_index/package_run_dependencies/pkg01_helloworld_cpp
[0.170s] -- Up-to-date: /home/zhiyan/ws00_helloworld/install/pkg01_helloworld_cpp/share/ament_index/resource_index/parent_prefix_path/pkg01_helloworld_cpp
[0.170s] -- Up-to-date: /home/zhiyan/ws00_helloworld/install/pkg01_helloworld_cpp/share/pkg01_helloworld_cpp/environment/ament_prefix_path.sh
[0.170s] -- Up-to-date: /home/zhiyan/ws00_helloworld/install/pkg01_helloworld_cpp/share/pkg01_helloworld_cpp/environment/ament_prefix_path.dsv
[0.170s] -- Up-to-date: /home/zhiyan/ws00_helloworld/install/pkg01_helloworld_cpp/share/pkg01_helloworld_cpp/environment/path.sh
[0.170s] -- Up-to-date: /home/zhiyan/ws00_helloworld/install/pkg01_helloworld_cpp/share/pkg01_helloworld_cpp/environment/path.dsv
[0.171s] -- Up-to-date: /home/zhiyan/ws00_helloworld/install/pkg01_helloworld_cpp/share/pkg01_helloworld_cpp/local_setup.bash
[0.171s] -- Up-to-date: /home/zhiyan/ws00_helloworld/install/pkg01_helloworld_cpp/share/pkg01_helloworld_cpp/local_setup.sh
[0.171s] -- Up-to-date: /home/zhiyan/ws00_helloworld/install/pkg01_helloworld_cpp/share/pkg01_helloworld_cpp/local_setup.zsh
[0.171s] -- Up-to-date: /home/zhiyan/ws00_helloworld/install/pkg01_helloworld_cpp/share/pkg01_helloworld_cpp/local_setup.dsv
[0.171s] -- Installing: /home/zhiyan/ws00_helloworld/install/pkg01_helloworld_cpp/share/pkg01_helloworld_cpp/package.dsv
[0.172s] -- Up-to-date: /home/zhiyan/ws00_helloworld/install/pkg01_helloworld_cpp/share/ament_index/resource_index/packages/pkg01_helloworld_cpp
[0.172s] -- Up-to-date: /home/zhiyan/ws00_helloworld/install/pkg01_helloworld_cpp/share/pkg01_helloworld_cpp/cmake/pkg01_helloworld_cppConfig.cmake
[0.172s] -- Up-to-date: /home/zhiyan/ws00_helloworld/install/pkg01_helloworld_cpp/share/pkg01_helloworld_cpp/cmake/pkg01_helloworld_cppConfig-version.cmake
[0.172s] -- Up-to-date: /home/zhiyan/ws00_helloworld/install/pkg01_helloworld_cpp/share/pkg01_helloworld_cpp/package.xml
[0.172s] Invoked command in '/home/zhiyan/ws00_helloworld/build/pkg01_helloworld_cpp' returned '0': CMAKE_PREFIX_PATH=${CMAKE_PREFIX_PATH}:/home/zhiyan/ws00_helloworld/install/pkg02_helloworld_py:/opt/ros/humble /usr/bin/cmake --install /home/zhiyan/ws00_helloworld/build/pkg01_helloworld_cpp
