[0.522s] Invoking command in '/home/zhiyan/ros2_tutorial/ws01_plumbing/src/py01_topic': PYTHONPATH=/home/zhiyan/ros2_tutorial/ws01_plumbing/build/py01_topic/prefix_override:/usr/lib/python3/dist-packages/colcon_core/task/python/colcon_distutils_commands:/home/zhiyan/ros2_tutorial/ws01_plumbing/install/py01_topic/lib/python3.10/site-packages:${PYTHONPATH} /usr/bin/python3 -W ignore:setup.py install is deprecated -W ignore:easy_install command is deprecated setup.py egg_info --egg-base ../../build/py01_topic build --build-base /home/zhiyan/ros2_tutorial/ws01_plumbing/build/py01_topic/build install --record /home/zhiyan/ros2_tutorial/ws01_plumbing/build/py01_topic/install.log --single-version-externally-managed install_data
[0.723s] running egg_info
[0.724s] writing ../../build/py01_topic/py01_topic.egg-info/PKG-INFO
[0.724s] writing dependency_links to ../../build/py01_topic/py01_topic.egg-info/dependency_links.txt
[0.724s] writing entry points to ../../build/py01_topic/py01_topic.egg-info/entry_points.txt
[0.724s] writing requirements to ../../build/py01_topic/py01_topic.egg-info/requires.txt
[0.724s] writing top-level names to ../../build/py01_topic/py01_topic.egg-info/top_level.txt
[0.726s] reading manifest file '../../build/py01_topic/py01_topic.egg-info/SOURCES.txt'
[0.726s] writing manifest file '../../build/py01_topic/py01_topic.egg-info/SOURCES.txt'
[0.727s] running build
[0.727s] running build_py
[0.727s] running install
[0.727s] running install_lib
[0.728s] running install_data
[0.728s] running install_egg_info
[0.730s] removing '/home/zhiyan/ros2_tutorial/ws01_plumbing/install/py01_topic/lib/python3.10/site-packages/py01_topic-0.0.0-py3.10.egg-info' (and everything under it)
[0.731s] Copying ../../build/py01_topic/py01_topic.egg-info to /home/zhiyan/ros2_tutorial/ws01_plumbing/install/py01_topic/lib/python3.10/site-packages/py01_topic-0.0.0-py3.10.egg-info
[0.731s] running install_scripts
[0.756s] Installing demo01_talker_str_py script to /home/zhiyan/ros2_tutorial/ws01_plumbing/install/py01_topic/lib/py01_topic
[0.756s] writing list of installed files to '/home/zhiyan/ros2_tutorial/ws01_plumbing/build/py01_topic/install.log'
[0.771s] Invoked command in '/home/zhiyan/ros2_tutorial/ws01_plumbing/src/py01_topic' returned '0': PYTHONPATH=/home/zhiyan/ros2_tutorial/ws01_plumbing/build/py01_topic/prefix_override:/usr/lib/python3/dist-packages/colcon_core/task/python/colcon_distutils_commands:/home/zhiyan/ros2_tutorial/ws01_plumbing/install/py01_topic/lib/python3.10/site-packages:${PYTHONPATH} /usr/bin/python3 -W ignore:setup.py install is deprecated -W ignore:easy_install command is deprecated setup.py egg_info --egg-base ../../build/py01_topic build --build-base /home/zhiyan/ros2_tutorial/ws01_plumbing/build/py01_topic/build install --record /home/zhiyan/ros2_tutorial/ws01_plumbing/build/py01_topic/install.log --single-version-externally-managed install_data
