[0.026s] Invoking command in '/home/zhiyan/ws00_helloworld/build/pkg01_helloworld_cpp': CMAKE_PREFIX_PATH=/opt/ros/humble /usr/bin/cmake /home/zhiyan/ws00_helloworld/src/pkg01_helloworld_cpp -DCMAKE_INSTALL_PREFIX=/home/zhiyan/ws00_helloworld/install/pkg01_helloworld_cpp
[0.114s] -- The C compiler identification is GNU 11.4.0
[0.184s] -- The CXX compiler identification is GNU 11.4.0
[0.191s] -- Detecting C compiler ABI info
[0.251s] -- Detecting C compiler ABI info - done
[0.256s] -- Check for working C compiler: /usr/bin/cc - skipped
[0.256s] -- Detecting C compile features
[0.257s] -- Detecting C compile features - done
[0.259s] -- Detecting CXX compiler ABI info
[0.320s] -- Detecting CXX compiler ABI info - done
[0.326s] -- Check for working CXX compiler: /usr/bin/c++ - skipped
[0.326s] -- Detecting CXX compile features
[0.326s] -- Detecting CXX compile features - done
[0.330s] -- Found ament_cmake: 1.3.14 (/opt/ros/humble/share/ament_cmake/cmake)
[0.444s] -- Found Python3: /usr/bin/python3 (found version "3.10.12") found components: Interpreter 
[0.509s] -- Found rclcpp: 16.0.19 (/opt/ros/humble/share/rclcpp/cmake)
[0.543s] -- Found rosidl_generator_c: 3.1.8 (/opt/ros/humble/share/rosidl_generator_c/cmake)
[0.548s] -- Found rosidl_adapter: 3.1.8 (/opt/ros/humble/share/rosidl_adapter/cmake)
[0.554s] -- Found rosidl_generator_cpp: 3.1.8 (/opt/ros/humble/share/rosidl_generator_cpp/cmake)
[0.564s] -- Using all available rosidl_typesupport_c: rosidl_typesupport_fastrtps_c;rosidl_typesupport_introspection_c
[0.576s] -- Using all available rosidl_typesupport_cpp: rosidl_typesupport_fastrtps_cpp;rosidl_typesupport_introspection_cpp
[0.607s] -- Found rmw_implementation_cmake: 6.1.2 (/opt/ros/humble/share/rmw_implementation_cmake/cmake)
[0.609s] -- Found rmw_fastrtps_cpp: 6.2.10 (/opt/ros/humble/share/rmw_fastrtps_cpp/cmake)
[0.688s] -- Found OpenSSL: /usr/lib/x86_64-linux-gnu/libcrypto.so (found version "3.0.2")  
[0.717s] -- Found FastRTPS: /opt/ros/humble/include  
[0.744s] -- Using RMW implementation 'rmw_fastrtps_cpp' as default
[0.753s] -- Looking for pthread.h
[0.847s] -- Looking for pthread.h - found
[0.847s] -- Performing Test CMAKE_HAVE_LIBC_PTHREAD
[0.921s] -- Performing Test CMAKE_HAVE_LIBC_PTHREAD - Success
[0.923s] -- Found Threads: TRUE  
[0.979s] -- Found ament_lint_auto: 0.12.15 (/opt/ros/humble/share/ament_lint_auto/cmake)
[1.034s] -- Added test 'cppcheck' to perform static code analysis on C / C++ code
[1.034s] -- Configured cppcheck include dirs: $<BUILD_INTERFACE:/home/zhiyan/ws00_helloworld/src/pkg01_helloworld_cpp/include>
[1.034s] -- Configured cppcheck exclude dirs and/or files: 
[1.034s] -- Added test 'lint_cmake' to check CMake code style
[1.035s] -- Added test 'uncrustify' to check C / C++ code style
[1.035s] -- Configured uncrustify additional arguments: 
[1.035s] -- Added test 'xmllint' to check XML markup files
[1.036s] -- Configuring done
[1.041s] -- Generating done
[1.043s] -- Build files have been written to: /home/zhiyan/ws00_helloworld/build/pkg01_helloworld_cpp
[1.048s] Invoked command in '/home/zhiyan/ws00_helloworld/build/pkg01_helloworld_cpp' returned '0': CMAKE_PREFIX_PATH=/opt/ros/humble /usr/bin/cmake /home/zhiyan/ws00_helloworld/src/pkg01_helloworld_cpp -DCMAKE_INSTALL_PREFIX=/home/zhiyan/ws00_helloworld/install/pkg01_helloworld_cpp
[1.050s] Invoking command in '/home/zhiyan/ws00_helloworld/build/pkg01_helloworld_cpp': CMAKE_PREFIX_PATH=/opt/ros/humble /usr/bin/cmake --build /home/zhiyan/ws00_helloworld/build/pkg01_helloworld_cpp -- -j20 -l20
[1.099s] [ 50%] [32mBuilding CXX object CMakeFiles/helloworld.dir/src/helloworld.cpp.o[0m
[1.134s] [100%] [32m[1mLinking CXX executable helloworld[0m
[1.193s] [100%] Built target helloworld
[1.203s] Invoked command in '/home/zhiyan/ws00_helloworld/build/pkg01_helloworld_cpp' returned '0': CMAKE_PREFIX_PATH=/opt/ros/humble /usr/bin/cmake --build /home/zhiyan/ws00_helloworld/build/pkg01_helloworld_cpp -- -j20 -l20
[1.213s] Invoking command in '/home/zhiyan/ws00_helloworld/build/pkg01_helloworld_cpp': CMAKE_PREFIX_PATH=/opt/ros/humble /usr/bin/cmake --install /home/zhiyan/ws00_helloworld/build/pkg01_helloworld_cpp
[1.220s] -- Install configuration: ""
[1.220s] -- Installing: /home/zhiyan/ws00_helloworld/install/pkg01_helloworld_cpp/lib/pkg01_helloworld_cpp/helloworld
[1.221s] -- Set runtime path of "/home/zhiyan/ws00_helloworld/install/pkg01_helloworld_cpp/lib/pkg01_helloworld_cpp/helloworld" to ""
[1.221s] -- Installing: /home/zhiyan/ws00_helloworld/install/pkg01_helloworld_cpp/share/ament_index/resource_index/package_run_dependencies/pkg01_helloworld_cpp
[1.221s] -- Installing: /home/zhiyan/ws00_helloworld/install/pkg01_helloworld_cpp/share/ament_index/resource_index/parent_prefix_path/pkg01_helloworld_cpp
[1.221s] -- Installing: /home/zhiyan/ws00_helloworld/install/pkg01_helloworld_cpp/share/pkg01_helloworld_cpp/environment/ament_prefix_path.sh
[1.221s] -- Installing: /home/zhiyan/ws00_helloworld/install/pkg01_helloworld_cpp/share/pkg01_helloworld_cpp/environment/ament_prefix_path.dsv
[1.221s] -- Installing: /home/zhiyan/ws00_helloworld/install/pkg01_helloworld_cpp/share/pkg01_helloworld_cpp/environment/path.sh
[1.221s] -- Installing: /home/zhiyan/ws00_helloworld/install/pkg01_helloworld_cpp/share/pkg01_helloworld_cpp/environment/path.dsv
[1.221s] -- Installing: /home/zhiyan/ws00_helloworld/install/pkg01_helloworld_cpp/share/pkg01_helloworld_cpp/local_setup.bash
[1.221s] -- Installing: /home/zhiyan/ws00_helloworld/install/pkg01_helloworld_cpp/share/pkg01_helloworld_cpp/local_setup.sh
[1.221s] -- Installing: /home/zhiyan/ws00_helloworld/install/pkg01_helloworld_cpp/share/pkg01_helloworld_cpp/local_setup.zsh
[1.221s] -- Installing: /home/zhiyan/ws00_helloworld/install/pkg01_helloworld_cpp/share/pkg01_helloworld_cpp/local_setup.dsv
[1.221s] -- Installing: /home/zhiyan/ws00_helloworld/install/pkg01_helloworld_cpp/share/pkg01_helloworld_cpp/package.dsv
[1.221s] -- Installing: /home/zhiyan/ws00_helloworld/install/pkg01_helloworld_cpp/share/ament_index/resource_index/packages/pkg01_helloworld_cpp
[1.221s] -- Installing: /home/zhiyan/ws00_helloworld/install/pkg01_helloworld_cpp/share/pkg01_helloworld_cpp/cmake/pkg01_helloworld_cppConfig.cmake
[1.221s] -- Installing: /home/zhiyan/ws00_helloworld/install/pkg01_helloworld_cpp/share/pkg01_helloworld_cpp/cmake/pkg01_helloworld_cppConfig-version.cmake
[1.221s] -- Installing: /home/zhiyan/ws00_helloworld/install/pkg01_helloworld_cpp/share/pkg01_helloworld_cpp/package.xml
[1.223s] Invoked command in '/home/zhiyan/ws00_helloworld/build/pkg01_helloworld_cpp' returned '0': CMAKE_PREFIX_PATH=/opt/ros/humble /usr/bin/cmake --install /home/zhiyan/ws00_helloworld/build/pkg01_helloworld_cpp
