[35m[1mConsolidate compiler generated dependencies of target helloworld[0m
[ 50%] [32mBuilding CXX object CMakeFiles/helloworld.dir/src/helloworld.cpp.o[0m
[100%] [32m[1mLinking CXX executable helloworld[0m
[100%] Built target helloworld
-- Install configuration: ""
-- Installing: /home/zhiyan/ws00_helloworld/install/pkg01_helloworld_cpp/lib/pkg01_helloworld_cpp/helloworld
-- Set runtime path of "/home/zhiyan/ws00_helloworld/install/pkg01_helloworld_cpp/lib/pkg01_helloworld_cpp/helloworld" to ""
-- Up-to-date: /home/zhiyan/ws00_helloworld/install/pkg01_helloworld_cpp/share/ament_index/resource_index/package_run_dependencies/pkg01_helloworld_cpp
-- Up-to-date: /home/zhiyan/ws00_helloworld/install/pkg01_helloworld_cpp/share/ament_index/resource_index/parent_prefix_path/pkg01_helloworld_cpp
-- Up-to-date: /home/zhiyan/ws00_helloworld/install/pkg01_helloworld_cpp/share/pkg01_helloworld_cpp/environment/ament_prefix_path.sh
-- Up-to-date: /home/zhiyan/ws00_helloworld/install/pkg01_helloworld_cpp/share/pkg01_helloworld_cpp/environment/ament_prefix_path.dsv
-- Up-to-date: /home/zhiyan/ws00_helloworld/install/pkg01_helloworld_cpp/share/pkg01_helloworld_cpp/environment/path.sh
-- Up-to-date: /home/zhiyan/ws00_helloworld/install/pkg01_helloworld_cpp/share/pkg01_helloworld_cpp/environment/path.dsv
-- Up-to-date: /home/zhiyan/ws00_helloworld/install/pkg01_helloworld_cpp/share/pkg01_helloworld_cpp/local_setup.bash
-- Up-to-date: /home/zhiyan/ws00_helloworld/install/pkg01_helloworld_cpp/share/pkg01_helloworld_cpp/local_setup.sh
-- Up-to-date: /home/zhiyan/ws00_helloworld/install/pkg01_helloworld_cpp/share/pkg01_helloworld_cpp/local_setup.zsh
-- Up-to-date: /home/zhiyan/ws00_helloworld/install/pkg01_helloworld_cpp/share/pkg01_helloworld_cpp/local_setup.dsv
-- Installing: /home/zhiyan/ws00_helloworld/install/pkg01_helloworld_cpp/share/pkg01_helloworld_cpp/package.dsv
-- Up-to-date: /home/zhiyan/ws00_helloworld/install/pkg01_helloworld_cpp/share/ament_index/resource_index/packages/pkg01_helloworld_cpp
-- Up-to-date: /home/zhiyan/ws00_helloworld/install/pkg01_helloworld_cpp/share/pkg01_helloworld_cpp/cmake/pkg01_helloworld_cppConfig.cmake
-- Up-to-date: /home/zhiyan/ws00_helloworld/install/pkg01_helloworld_cpp/share/pkg01_helloworld_cpp/cmake/pkg01_helloworld_cppConfig-version.cmake
-- Up-to-date: /home/zhiyan/ws00_helloworld/install/pkg01_helloworld_cpp/share/pkg01_helloworld_cpp/package.xml
