[0.532s] Invoking command in '/home/zhiyan/ros2_tutorial/ws01_plumbing/build/py01_topic': PYTHONPATH=/home/zhiyan/ros2_tutorial/ws01_plumbing/build/py01_topic/prefix_override:/usr/lib/python3/dist-packages/colcon_core/task/python/colcon_distutils_commands:/home/zhiyan/ros2_tutorial/ws01_plumbing/install/py01_topic/lib/python3.10/site-packages:${PYTHONPATH} /usr/bin/python3 -W ignore:setup.py install is deprecated -W ignore:easy_install command is deprecated setup.py develop --editable --build-directory /home/zhiyan/ros2_tutorial/ws01_plumbing/build/py01_topic/build --no-deps symlink_data --force
[0.763s] running develop
[0.843s] running egg_info
[0.843s] writing py01_topic.egg-info/PKG-INFO
[0.843s] writing dependency_links to py01_topic.egg-info/dependency_links.txt
[0.843s] writing entry points to py01_topic.egg-info/entry_points.txt
[0.844s] writing requirements to py01_topic.egg-info/requires.txt
[0.844s] writing top-level names to py01_topic.egg-info/top_level.txt
[0.846s] reading manifest file 'py01_topic.egg-info/SOURCES.txt'
[0.846s] writing manifest file 'py01_topic.egg-info/SOURCES.txt'
[0.848s] running build_ext
[0.848s] Creating /home/zhiyan/ros2_tutorial/ws01_plumbing/install/py01_topic/lib/python3.10/site-packages/py01-topic.egg-link (link to .)
[0.849s] Installing demo01_talker_str_py script to /home/zhiyan/ros2_tutorial/ws01_plumbing/install/py01_topic/lib/py01_topic
[0.849s] Installing demo02_listener_str_py script to /home/zhiyan/ros2_tutorial/ws01_plumbing/install/py01_topic/lib/py01_topic
[0.849s] Installing demo03_talker_stu_py script to /home/zhiyan/ros2_tutorial/ws01_plumbing/install/py01_topic/lib/py01_topic
[0.849s] Installing demo04_listener_stu_py script to /home/zhiyan/ros2_tutorial/ws01_plumbing/install/py01_topic/lib/py01_topic
[0.849s] 
[0.849s] Installed /home/zhiyan/ros2_tutorial/ws01_plumbing/build/py01_topic
[0.849s] running symlink_data
[0.849s] symbolically linking /home/zhiyan/ros2_tutorial/ws01_plumbing/build/py01_topic/resource/py01_topic -> /home/zhiyan/ros2_tutorial/ws01_plumbing/install/py01_topic/share/ament_index/resource_index/packages
[0.849s] symbolically linking /home/zhiyan/ros2_tutorial/ws01_plumbing/build/py01_topic/package.xml -> /home/zhiyan/ros2_tutorial/ws01_plumbing/install/py01_topic/share/py01_topic
[0.867s] Invoked command in '/home/zhiyan/ros2_tutorial/ws01_plumbing/build/py01_topic' returned '0': PYTHONPATH=/home/zhiyan/ros2_tutorial/ws01_plumbing/build/py01_topic/prefix_override:/usr/lib/python3/dist-packages/colcon_core/task/python/colcon_distutils_commands:/home/zhiyan/ros2_tutorial/ws01_plumbing/install/py01_topic/lib/python3.10/site-packages:${PYTHONPATH} /usr/bin/python3 -W ignore:setup.py install is deprecated -W ignore:easy_install command is deprecated setup.py develop --editable --build-directory /home/zhiyan/ros2_tutorial/ws01_plumbing/build/py01_topic/build --no-deps symlink_data --force
