[0.008s] Invoking command in '/home/zhiyan/ros2_tutorial/ws01_plumbing/build/base_interfaces_demo': CMAKE_PREFIX_PATH=/home/zhiyan/ros2_tutorial/ws01_plumbing/install/py01_topic:/opt/ros/humble /usr/bin/cmake /home/zhiyan/ros2_tutorial/ws01_plumbing/src/base_interfaces_demo -DCMAKE_INSTALL_PREFIX=/home/zhiyan/ros2_tutorial/ws01_plumbing/install/base_interfaces_demo
[0.120s] -- The C compiler identification is GNU 11.4.0
[0.202s] -- The CXX compiler identification is GNU 11.4.0
[0.210s] -- Detecting C compiler ABI info
[0.285s] -- Detecting C compiler ABI info - done
[0.294s] -- Check for working C compiler: /usr/bin/cc - skipped
[0.295s] -- Detecting C compile features
[0.296s] -- Detecting C compile features - done
[0.299s] -- Detecting CXX compiler ABI info
[0.389s] -- Detecting CXX compiler ABI info - done
[0.395s] -- Check for working CXX compiler: /usr/bin/c++ - skipped
[0.395s] -- Detecting CXX compile features
[0.395s] -- Detecting CXX compile features - done
[0.400s] -- Found ament_cmake: 1.3.14 (/opt/ros/humble/share/ament_cmake/cmake)
[0.520s] -- Found Python3: /usr/bin/python3 (found version "3.10.12") found components: Interpreter 
[0.597s] -- Found ament_lint_auto: 0.12.15 (/opt/ros/humble/share/ament_lint_auto/cmake)
[0.675s] -- Added test 'lint_cmake' to check CMake code style
[0.676s] -- Added test 'xmllint' to check XML markup files
[0.677s] -- Configuring done
[0.678s] -- Generating done
[0.679s] -- Build files have been written to: /home/zhiyan/ros2_tutorial/ws01_plumbing/build/base_interfaces_demo
[0.682s] Invoked command in '/home/zhiyan/ros2_tutorial/ws01_plumbing/build/base_interfaces_demo' returned '0': CMAKE_PREFIX_PATH=/home/zhiyan/ros2_tutorial/ws01_plumbing/install/py01_topic:/opt/ros/humble /usr/bin/cmake /home/zhiyan/ros2_tutorial/ws01_plumbing/src/base_interfaces_demo -DCMAKE_INSTALL_PREFIX=/home/zhiyan/ros2_tutorial/ws01_plumbing/install/base_interfaces_demo
[0.685s] Invoking command in '/home/zhiyan/ros2_tutorial/ws01_plumbing/build/base_interfaces_demo': CMAKE_PREFIX_PATH=/home/zhiyan/ros2_tutorial/ws01_plumbing/install/py01_topic:/opt/ros/humble /usr/bin/cmake --build /home/zhiyan/ros2_tutorial/ws01_plumbing/build/base_interfaces_demo -- -j20 -l20
[0.726s] Invoked command in '/home/zhiyan/ros2_tutorial/ws01_plumbing/build/base_interfaces_demo' returned '0': CMAKE_PREFIX_PATH=/home/zhiyan/ros2_tutorial/ws01_plumbing/install/py01_topic:/opt/ros/humble /usr/bin/cmake --build /home/zhiyan/ros2_tutorial/ws01_plumbing/build/base_interfaces_demo -- -j20 -l20
[0.739s] Invoking command in '/home/zhiyan/ros2_tutorial/ws01_plumbing/build/base_interfaces_demo': CMAKE_PREFIX_PATH=/home/zhiyan/ros2_tutorial/ws01_plumbing/install/py01_topic:/opt/ros/humble /usr/bin/cmake --install /home/zhiyan/ros2_tutorial/ws01_plumbing/build/base_interfaces_demo
[0.750s] -- Install configuration: ""
[0.750s] -- Installing: /home/zhiyan/ros2_tutorial/ws01_plumbing/install/base_interfaces_demo/share/ament_index/resource_index/package_run_dependencies/base_interfaces_demo
[0.750s] -- Installing: /home/zhiyan/ros2_tutorial/ws01_plumbing/install/base_interfaces_demo/share/ament_index/resource_index/parent_prefix_path/base_interfaces_demo
[0.750s] -- Installing: /home/zhiyan/ros2_tutorial/ws01_plumbing/install/base_interfaces_demo/share/base_interfaces_demo/environment/ament_prefix_path.sh
[0.750s] -- Installing: /home/zhiyan/ros2_tutorial/ws01_plumbing/install/base_interfaces_demo/share/base_interfaces_demo/environment/ament_prefix_path.dsv
[0.750s] -- Installing: /home/zhiyan/ros2_tutorial/ws01_plumbing/install/base_interfaces_demo/share/base_interfaces_demo/environment/path.sh
[0.750s] -- Installing: /home/zhiyan/ros2_tutorial/ws01_plumbing/install/base_interfaces_demo/share/base_interfaces_demo/environment/path.dsv
[0.750s] -- Installing: /home/zhiyan/ros2_tutorial/ws01_plumbing/install/base_interfaces_demo/share/base_interfaces_demo/local_setup.bash
[0.750s] -- Installing: /home/zhiyan/ros2_tutorial/ws01_plumbing/install/base_interfaces_demo/share/base_interfaces_demo/local_setup.sh
[0.750s] -- Installing: /home/zhiyan/ros2_tutorial/ws01_plumbing/install/base_interfaces_demo/share/base_interfaces_demo/local_setup.zsh
[0.751s] -- Installing: /home/zhiyan/ros2_tutorial/ws01_plumbing/install/base_interfaces_demo/share/base_interfaces_demo/local_setup.dsv
[0.751s] -- Installing: /home/zhiyan/ros2_tutorial/ws01_plumbing/install/base_interfaces_demo/share/base_interfaces_demo/package.dsv
[0.751s] -- Installing: /home/zhiyan/ros2_tutorial/ws01_plumbing/install/base_interfaces_demo/share/ament_index/resource_index/packages/base_interfaces_demo
[0.751s] -- Installing: /home/zhiyan/ros2_tutorial/ws01_plumbing/install/base_interfaces_demo/share/base_interfaces_demo/cmake/base_interfaces_demoConfig.cmake
[0.751s] -- Installing: /home/zhiyan/ros2_tutorial/ws01_plumbing/install/base_interfaces_demo/share/base_interfaces_demo/cmake/base_interfaces_demoConfig-version.cmake
[0.751s] -- Installing: /home/zhiyan/ros2_tutorial/ws01_plumbing/install/base_interfaces_demo/share/base_interfaces_demo/package.xml
[0.753s] Invoked command in '/home/zhiyan/ros2_tutorial/ws01_plumbing/build/base_interfaces_demo' returned '0': CMAKE_PREFIX_PATH=/home/zhiyan/ros2_tutorial/ws01_plumbing/install/py01_topic:/opt/ros/humble /usr/bin/cmake --install /home/zhiyan/ros2_tutorial/ws01_plumbing/build/base_interfaces_demo
