[0.065s] DEBUG:colcon:Command line arguments: ['/usr/bin/colcon', 'build', '--packages-select', 'pkg02_helloworld_py']
[0.065s] DEBUG:colcon:Parsed command line arguments: Namespace(log_base=None, log_level=None, verb_name='build', build_base='build', install_base='install', merge_install=False, symlink_install=False, test_result_base=None, continue_on_error=False, executor='parallel', parallel_workers=20, event_handlers=None, ignore_user_meta=False, metas=['./colcon.meta'], base_paths=['.'], packages_ignore=None, packages_ignore_regex=None, paths=None, packages_up_to=None, packages_up_to_regex=None, packages_above=None, packages_above_and_dependencies=None, packages_above_depth=None, packages_select_by_dep=None, packages_skip_by_dep=None, packages_skip_up_to=None, packages_select_build_failed=False, packages_skip_build_finished=False, packages_select_test_failures=False, packages_skip_test_passed=False, packages_select=['pkg02_helloworld_py'], packages_skip=None, packages_select_regex=None, packages_skip_regex=None, packages_start=None, packages_end=None, allow_overriding=[], cmake_args=None, cmake_target=None, cmake_target_skip_unavailable=False, cmake_clean_cache=False, cmake_clean_first=False, cmake_force_configure=False, ament_cmake_args=None, catkin_cmake_args=None, catkin_skip_building_tests=False, verb_parser=<colcon_defaults.argument_parser.defaults.DefaultArgumentsDecorator object at 0x7867c7750790>, verb_extension=<colcon_core.verb.build.BuildVerb object at 0x7867c7750280>, main=<bound method BuildVerb.main of <colcon_core.verb.build.BuildVerb object at 0x7867c7750280>>)
[0.156s] Level 1:colcon.colcon_core.package_discovery:discover_packages(colcon_meta) check parameters
[0.156s] Level 1:colcon.colcon_core.package_discovery:discover_packages(recursive) check parameters
[0.156s] Level 1:colcon.colcon_core.package_discovery:discover_packages(ignore) check parameters
[0.156s] Level 1:colcon.colcon_core.package_discovery:discover_packages(path) check parameters
[0.156s] Level 1:colcon.colcon_core.package_discovery:discover_packages(colcon_meta) discover
[0.156s] Level 1:colcon.colcon_core.package_discovery:discover_packages(recursive) discover
[0.156s] INFO:colcon.colcon_core.package_discovery:Crawling recursively for packages in '/home/zhiyan/ros2_tutorial/ws00_helloworld'
[0.157s] Level 1:colcon.colcon_core.package_identification:_identify(.) by extensions ['ignore', 'ignore_ament_install']
[0.157s] Level 1:colcon.colcon_core.package_identification:_identify(.) by extension 'ignore'
[0.157s] Level 1:colcon.colcon_core.package_identification:_identify(.) by extension 'ignore_ament_install'
[0.157s] Level 1:colcon.colcon_core.package_identification:_identify(.) by extensions ['colcon_pkg']
[0.157s] Level 1:colcon.colcon_core.package_identification:_identify(.) by extension 'colcon_pkg'
[0.157s] Level 1:colcon.colcon_core.package_identification:_identify(.) by extensions ['colcon_meta']
[0.157s] Level 1:colcon.colcon_core.package_identification:_identify(.) by extension 'colcon_meta'
[0.157s] Level 1:colcon.colcon_core.package_identification:_identify(.) by extensions ['ros']
[0.157s] Level 1:colcon.colcon_core.package_identification:_identify(.) by extension 'ros'
[0.164s] Level 1:colcon.colcon_core.package_identification:_identify(.) by extensions ['cmake', 'python']
[0.164s] Level 1:colcon.colcon_core.package_identification:_identify(.) by extension 'cmake'
[0.164s] Level 1:colcon.colcon_core.package_identification:_identify(.) by extension 'python'
[0.164s] Level 1:colcon.colcon_core.package_identification:_identify(.) by extensions ['python_setup_py']
[0.164s] Level 1:colcon.colcon_core.package_identification:_identify(.) by extension 'python_setup_py'
[0.164s] Level 1:colcon.colcon_core.package_identification:_identify(build) by extensions ['ignore', 'ignore_ament_install']
[0.164s] Level 1:colcon.colcon_core.package_identification:_identify(build) by extension 'ignore'
[0.164s] Level 1:colcon.colcon_core.package_identification:_identify(build) ignored
[0.164s] Level 1:colcon.colcon_core.package_identification:_identify(install) by extensions ['ignore', 'ignore_ament_install']
[0.164s] Level 1:colcon.colcon_core.package_identification:_identify(install) by extension 'ignore'
[0.164s] Level 1:colcon.colcon_core.package_identification:_identify(install) ignored
[0.164s] Level 1:colcon.colcon_core.package_identification:_identify(log) by extensions ['ignore', 'ignore_ament_install']
[0.164s] Level 1:colcon.colcon_core.package_identification:_identify(log) by extension 'ignore'
[0.164s] Level 1:colcon.colcon_core.package_identification:_identify(log) ignored
[0.164s] Level 1:colcon.colcon_core.package_identification:_identify(src) by extensions ['ignore', 'ignore_ament_install']
[0.165s] Level 1:colcon.colcon_core.package_identification:_identify(src) by extension 'ignore'
[0.165s] Level 1:colcon.colcon_core.package_identification:_identify(src) by extension 'ignore_ament_install'
[0.165s] Level 1:colcon.colcon_core.package_identification:_identify(src) by extensions ['colcon_pkg']
[0.165s] Level 1:colcon.colcon_core.package_identification:_identify(src) by extension 'colcon_pkg'
[0.165s] Level 1:colcon.colcon_core.package_identification:_identify(src) by extensions ['colcon_meta']
[0.165s] Level 1:colcon.colcon_core.package_identification:_identify(src) by extension 'colcon_meta'
[0.165s] Level 1:colcon.colcon_core.package_identification:_identify(src) by extensions ['ros']
[0.165s] Level 1:colcon.colcon_core.package_identification:_identify(src) by extension 'ros'
[0.165s] Level 1:colcon.colcon_core.package_identification:_identify(src) by extensions ['cmake', 'python']
[0.165s] Level 1:colcon.colcon_core.package_identification:_identify(src) by extension 'cmake'
[0.165s] Level 1:colcon.colcon_core.package_identification:_identify(src) by extension 'python'
[0.165s] Level 1:colcon.colcon_core.package_identification:_identify(src) by extensions ['python_setup_py']
[0.165s] Level 1:colcon.colcon_core.package_identification:_identify(src) by extension 'python_setup_py'
[0.165s] Level 1:colcon.colcon_core.package_identification:_identify(src/pkg01_helloworld_cpp) by extensions ['ignore', 'ignore_ament_install']
[0.165s] Level 1:colcon.colcon_core.package_identification:_identify(src/pkg01_helloworld_cpp) by extension 'ignore'
[0.165s] Level 1:colcon.colcon_core.package_identification:_identify(src/pkg01_helloworld_cpp) by extension 'ignore_ament_install'
[0.165s] Level 1:colcon.colcon_core.package_identification:_identify(src/pkg01_helloworld_cpp) by extensions ['colcon_pkg']
[0.165s] Level 1:colcon.colcon_core.package_identification:_identify(src/pkg01_helloworld_cpp) by extension 'colcon_pkg'
[0.165s] Level 1:colcon.colcon_core.package_identification:_identify(src/pkg01_helloworld_cpp) by extensions ['colcon_meta']
[0.165s] Level 1:colcon.colcon_core.package_identification:_identify(src/pkg01_helloworld_cpp) by extension 'colcon_meta'
[0.165s] Level 1:colcon.colcon_core.package_identification:_identify(src/pkg01_helloworld_cpp) by extensions ['ros']
[0.165s] Level 1:colcon.colcon_core.package_identification:_identify(src/pkg01_helloworld_cpp) by extension 'ros'
[0.167s] DEBUG:colcon.colcon_core.package_identification:Package 'src/pkg01_helloworld_cpp' with type 'ros.ament_cmake' and name 'pkg01_helloworld_cpp'
[0.167s] Level 1:colcon.colcon_core.package_identification:_identify(src/pkg02_helloworld_py) by extensions ['ignore', 'ignore_ament_install']
[0.167s] Level 1:colcon.colcon_core.package_identification:_identify(src/pkg02_helloworld_py) by extension 'ignore'
[0.167s] Level 1:colcon.colcon_core.package_identification:_identify(src/pkg02_helloworld_py) by extension 'ignore_ament_install'
[0.167s] Level 1:colcon.colcon_core.package_identification:_identify(src/pkg02_helloworld_py) by extensions ['colcon_pkg']
[0.167s] Level 1:colcon.colcon_core.package_identification:_identify(src/pkg02_helloworld_py) by extension 'colcon_pkg'
[0.167s] Level 1:colcon.colcon_core.package_identification:_identify(src/pkg02_helloworld_py) by extensions ['colcon_meta']
[0.167s] Level 1:colcon.colcon_core.package_identification:_identify(src/pkg02_helloworld_py) by extension 'colcon_meta'
[0.167s] Level 1:colcon.colcon_core.package_identification:_identify(src/pkg02_helloworld_py) by extensions ['ros']
[0.167s] Level 1:colcon.colcon_core.package_identification:_identify(src/pkg02_helloworld_py) by extension 'ros'
[0.167s] DEBUG:colcon.colcon_core.package_identification:Package 'src/pkg02_helloworld_py' with type 'ros.ament_python' and name 'pkg02_helloworld_py'
[0.167s] Level 1:colcon.colcon_core.package_discovery:discover_packages(recursive) using defaults
[0.167s] Level 1:colcon.colcon_core.package_discovery:discover_packages(ignore) discover
[0.167s] Level 1:colcon.colcon_core.package_discovery:discover_packages(ignore) using defaults
[0.167s] Level 1:colcon.colcon_core.package_discovery:discover_packages(path) discover
[0.167s] Level 1:colcon.colcon_core.package_discovery:discover_packages(path) using defaults
[0.180s] INFO:colcon.colcon_core.package_selection:Skipping not selected package 'pkg01_helloworld_cpp' in 'src/pkg01_helloworld_cpp'
[0.180s] Level 1:colcon.colcon_core.package_discovery:discover_packages(prefix_path) check parameters
[0.180s] Level 1:colcon.colcon_core.package_discovery:discover_packages(prefix_path) discover
[0.181s] DEBUG:colcon.colcon_installed_package_information.package_discovery:Found 273 installed packages in /opt/ros/humble
[0.188s] Level 1:colcon.colcon_core.package_discovery:discover_packages(prefix_path) using defaults
[0.209s] Level 5:colcon.colcon_core.verb:set package 'pkg02_helloworld_py' build argument 'cmake_args' from command line to 'None'
[0.209s] Level 5:colcon.colcon_core.verb:set package 'pkg02_helloworld_py' build argument 'cmake_target' from command line to 'None'
[0.209s] Level 5:colcon.colcon_core.verb:set package 'pkg02_helloworld_py' build argument 'cmake_target_skip_unavailable' from command line to 'False'
[0.209s] Level 5:colcon.colcon_core.verb:set package 'pkg02_helloworld_py' build argument 'cmake_clean_cache' from command line to 'False'
[0.209s] Level 5:colcon.colcon_core.verb:set package 'pkg02_helloworld_py' build argument 'cmake_clean_first' from command line to 'False'
[0.209s] Level 5:colcon.colcon_core.verb:set package 'pkg02_helloworld_py' build argument 'cmake_force_configure' from command line to 'False'
[0.209s] Level 5:colcon.colcon_core.verb:set package 'pkg02_helloworld_py' build argument 'ament_cmake_args' from command line to 'None'
[0.209s] Level 5:colcon.colcon_core.verb:set package 'pkg02_helloworld_py' build argument 'catkin_cmake_args' from command line to 'None'
[0.209s] Level 5:colcon.colcon_core.verb:set package 'pkg02_helloworld_py' build argument 'catkin_skip_building_tests' from command line to 'False'
[0.209s] DEBUG:colcon.colcon_core.verb:Building package 'pkg02_helloworld_py' with the following arguments: {'ament_cmake_args': None, 'build_base': '/home/zhiyan/ros2_tutorial/ws00_helloworld/build/pkg02_helloworld_py', 'catkin_cmake_args': None, 'catkin_skip_building_tests': False, 'cmake_args': None, 'cmake_clean_cache': False, 'cmake_clean_first': False, 'cmake_force_configure': False, 'cmake_target': None, 'cmake_target_skip_unavailable': False, 'install_base': '/home/zhiyan/ros2_tutorial/ws00_helloworld/install/pkg02_helloworld_py', 'merge_install': False, 'path': '/home/zhiyan/ros2_tutorial/ws00_helloworld/src/pkg02_helloworld_py', 'symlink_install': False, 'test_result_base': None}
[0.209s] INFO:colcon.colcon_core.executor:Executing jobs using 'parallel' executor
[0.210s] DEBUG:colcon.colcon_parallel_executor.executor.parallel:run_until_complete
[0.210s] INFO:colcon.colcon_ros.task.ament_python.build:Building ROS package in '/home/zhiyan/ros2_tutorial/ws00_helloworld/src/pkg02_helloworld_py' with build type 'ament_python'
[0.210s] Level 1:colcon.colcon_core.shell:create_environment_hook('pkg02_helloworld_py', 'ament_prefix_path')
[0.211s] INFO:colcon.colcon_core.plugin_system:Skipping extension 'colcon_core.shell.bat': Not used on non-Windows systems
[0.211s] INFO:colcon.colcon_core.shell:Creating environment hook '/home/zhiyan/ros2_tutorial/ws00_helloworld/install/pkg02_helloworld_py/share/pkg02_helloworld_py/hook/ament_prefix_path.ps1'
[0.212s] INFO:colcon.colcon_core.shell:Creating environment descriptor '/home/zhiyan/ros2_tutorial/ws00_helloworld/install/pkg02_helloworld_py/share/pkg02_helloworld_py/hook/ament_prefix_path.dsv'
[0.212s] INFO:colcon.colcon_core.shell:Creating environment hook '/home/zhiyan/ros2_tutorial/ws00_helloworld/install/pkg02_helloworld_py/share/pkg02_helloworld_py/hook/ament_prefix_path.sh'
[0.213s] INFO:colcon.colcon_core.shell:Skip shell extension 'powershell' for command environment: Not usable outside of PowerShell
[0.213s] DEBUG:colcon.colcon_core.shell:Skip shell extension 'dsv' for command environment
[0.370s] INFO:colcon.colcon_core.task.python.build:Building Python package in '/home/zhiyan/ros2_tutorial/ws00_helloworld/src/pkg02_helloworld_py'
[0.370s] INFO:colcon.colcon_core.shell:Skip shell extension 'powershell' for command environment: Not usable outside of PowerShell
[0.370s] DEBUG:colcon.colcon_core.shell:Skip shell extension 'dsv' for command environment
[0.572s] DEBUG:colcon.colcon_core.event_handler.log_command:Invoking command in '/home/zhiyan/ros2_tutorial/ws00_helloworld/src/pkg02_helloworld_py': PYTHONPATH=/home/zhiyan/ros2_tutorial/ws00_helloworld/build/pkg02_helloworld_py/prefix_override:/usr/lib/python3/dist-packages/colcon_core/task/python/colcon_distutils_commands:/home/zhiyan/ros2_tutorial/ws00_helloworld/install/pkg02_helloworld_py/lib/python3.10/site-packages:${PYTHONPATH} /usr/bin/python3 -W ignore:setup.py install is deprecated -W ignore:easy_install command is deprecated setup.py egg_info --egg-base ../../build/pkg02_helloworld_py build --build-base /home/zhiyan/ros2_tutorial/ws00_helloworld/build/pkg02_helloworld_py/build install --record /home/zhiyan/ros2_tutorial/ws00_helloworld/build/pkg02_helloworld_py/install.log --single-version-externally-managed install_data
[0.771s] DEBUG:colcon.colcon_core.event_handler.log_command:Invoked command in '/home/zhiyan/ros2_tutorial/ws00_helloworld/src/pkg02_helloworld_py' returned '0': PYTHONPATH=/home/zhiyan/ros2_tutorial/ws00_helloworld/build/pkg02_helloworld_py/prefix_override:/usr/lib/python3/dist-packages/colcon_core/task/python/colcon_distutils_commands:/home/zhiyan/ros2_tutorial/ws00_helloworld/install/pkg02_helloworld_py/lib/python3.10/site-packages:${PYTHONPATH} /usr/bin/python3 -W ignore:setup.py install is deprecated -W ignore:easy_install command is deprecated setup.py egg_info --egg-base ../../build/pkg02_helloworld_py build --build-base /home/zhiyan/ros2_tutorial/ws00_helloworld/build/pkg02_helloworld_py/build install --record /home/zhiyan/ros2_tutorial/ws00_helloworld/build/pkg02_helloworld_py/install.log --single-version-externally-managed install_data
[0.772s] Level 1:colcon.colcon_core.environment:checking '/home/zhiyan/ros2_tutorial/ws00_helloworld/install/pkg02_helloworld_py' for CMake module files
[0.773s] Level 1:colcon.colcon_core.environment:checking '/home/zhiyan/ros2_tutorial/ws00_helloworld/install/pkg02_helloworld_py' for CMake config files
[0.773s] Level 1:colcon.colcon_core.environment:checking '/home/zhiyan/ros2_tutorial/ws00_helloworld/install/pkg02_helloworld_py/lib'
[0.773s] Level 1:colcon.colcon_core.environment:checking '/home/zhiyan/ros2_tutorial/ws00_helloworld/install/pkg02_helloworld_py/bin'
[0.773s] Level 1:colcon.colcon_core.environment:checking '/home/zhiyan/ros2_tutorial/ws00_helloworld/install/pkg02_helloworld_py/lib/pkgconfig/pkg02_helloworld_py.pc'
[0.773s] Level 1:colcon.colcon_core.environment:checking '/home/zhiyan/ros2_tutorial/ws00_helloworld/install/pkg02_helloworld_py/lib/python3.10/site-packages'
[0.773s] Level 1:colcon.colcon_core.shell:create_environment_hook('pkg02_helloworld_py', 'pythonpath')
[0.773s] INFO:colcon.colcon_core.shell:Creating environment hook '/home/zhiyan/ros2_tutorial/ws00_helloworld/install/pkg02_helloworld_py/share/pkg02_helloworld_py/hook/pythonpath.ps1'
[0.774s] INFO:colcon.colcon_core.shell:Creating environment descriptor '/home/zhiyan/ros2_tutorial/ws00_helloworld/install/pkg02_helloworld_py/share/pkg02_helloworld_py/hook/pythonpath.dsv'
[0.774s] INFO:colcon.colcon_core.shell:Creating environment hook '/home/zhiyan/ros2_tutorial/ws00_helloworld/install/pkg02_helloworld_py/share/pkg02_helloworld_py/hook/pythonpath.sh'
[0.774s] Level 1:colcon.colcon_core.environment:checking '/home/zhiyan/ros2_tutorial/ws00_helloworld/install/pkg02_helloworld_py/bin'
[0.775s] Level 1:colcon.colcon_core.environment:create_environment_scripts_only(pkg02_helloworld_py)
[0.775s] INFO:colcon.colcon_core.shell:Creating package script '/home/zhiyan/ros2_tutorial/ws00_helloworld/install/pkg02_helloworld_py/share/pkg02_helloworld_py/package.ps1'
[0.775s] INFO:colcon.colcon_core.shell:Creating package descriptor '/home/zhiyan/ros2_tutorial/ws00_helloworld/install/pkg02_helloworld_py/share/pkg02_helloworld_py/package.dsv'
[0.776s] INFO:colcon.colcon_core.shell:Creating package script '/home/zhiyan/ros2_tutorial/ws00_helloworld/install/pkg02_helloworld_py/share/pkg02_helloworld_py/package.sh'
[0.776s] INFO:colcon.colcon_core.shell:Creating package script '/home/zhiyan/ros2_tutorial/ws00_helloworld/install/pkg02_helloworld_py/share/pkg02_helloworld_py/package.bash'
[0.777s] INFO:colcon.colcon_core.shell:Creating package script '/home/zhiyan/ros2_tutorial/ws00_helloworld/install/pkg02_helloworld_py/share/pkg02_helloworld_py/package.zsh'
[0.777s] Level 1:colcon.colcon_core.environment:create_file_with_runtime_dependencies(/home/zhiyan/ros2_tutorial/ws00_helloworld/install/pkg02_helloworld_py/share/colcon-core/packages/pkg02_helloworld_py)
[0.777s] DEBUG:colcon.colcon_parallel_executor.executor.parallel:closing loop
[0.777s] DEBUG:colcon.colcon_parallel_executor.executor.parallel:loop closed
[0.777s] DEBUG:colcon.colcon_parallel_executor.executor.parallel:run_until_complete finished with '0'
[0.777s] DEBUG:colcon.colcon_core.event_reactor:joining thread
[0.782s] INFO:colcon.colcon_core.plugin_system:Skipping extension 'colcon_notification.desktop_notification.terminal_notifier': Not used on non-Darwin systems
[0.782s] INFO:colcon.colcon_core.plugin_system:Skipping extension 'colcon_notification.desktop_notification.win32': Not used on non-Windows systems
[0.782s] INFO:colcon.colcon_notification.desktop_notification:Sending desktop notification using 'notify2'
[0.793s] DEBUG:colcon.colcon_core.event_reactor:joined thread
[0.793s] INFO:colcon.colcon_core.shell:Creating prefix script '/home/zhiyan/ros2_tutorial/ws00_helloworld/install/local_setup.ps1'
[0.794s] INFO:colcon.colcon_core.shell:Creating prefix util module '/home/zhiyan/ros2_tutorial/ws00_helloworld/install/_local_setup_util_ps1.py'
[0.795s] INFO:colcon.colcon_core.shell:Creating prefix chain script '/home/zhiyan/ros2_tutorial/ws00_helloworld/install/setup.ps1'
[0.796s] INFO:colcon.colcon_core.shell:Creating prefix script '/home/zhiyan/ros2_tutorial/ws00_helloworld/install/local_setup.sh'
[0.796s] INFO:colcon.colcon_core.shell:Creating prefix util module '/home/zhiyan/ros2_tutorial/ws00_helloworld/install/_local_setup_util_sh.py'
[0.797s] INFO:colcon.colcon_core.shell:Creating prefix chain script '/home/zhiyan/ros2_tutorial/ws00_helloworld/install/setup.sh'
[0.797s] INFO:colcon.colcon_core.shell:Creating prefix script '/home/zhiyan/ros2_tutorial/ws00_helloworld/install/local_setup.bash'
[0.797s] INFO:colcon.colcon_core.shell:Creating prefix chain script '/home/zhiyan/ros2_tutorial/ws00_helloworld/install/setup.bash'
[0.798s] INFO:colcon.colcon_core.shell:Creating prefix script '/home/zhiyan/ros2_tutorial/ws00_helloworld/install/local_setup.zsh'
[0.798s] INFO:colcon.colcon_core.shell:Creating prefix chain script '/home/zhiyan/ros2_tutorial/ws00_helloworld/install/setup.zsh'
