running egg_info
writing ../../build/py02_servise/py02_servise.egg-info/PKG-INFO
writing dependency_links to ../../build/py02_servise/py02_servise.egg-info/dependency_links.txt
writing entry points to ../../build/py02_servise/py02_servise.egg-info/entry_points.txt
writing requirements to ../../build/py02_servise/py02_servise.egg-info/requires.txt
writing top-level names to ../../build/py02_servise/py02_servise.egg-info/top_level.txt
reading manifest file '../../build/py02_servise/py02_servise.egg-info/SOURCES.txt'
writing manifest file '../../build/py02_servise/py02_servise.egg-info/SOURCES.txt'
running build
running build_py
running install
running install_lib
running install_data
running install_egg_info
removing '/home/zhiyan/ros2_tutorial/ws01_plumbing/install/py02_servise/lib/python3.10/site-packages/py02_servise-0.0.0-py3.10.egg-info' (and everything under it)
Copying ../../build/py02_servise/py02_servise.egg-info to /home/zhiyan/ros2_tutorial/ws01_plumbing/install/py02_servise/lib/python3.10/site-packages/py02_servise-0.0.0-py3.10.egg-info
running install_scripts
Installing demo01_server_py script to /home/zhiyan/ros2_tutorial/ws01_plumbing/install/py02_servise/lib/py02_servise
Installing demo02_client_py script to /home/zhiyan/ros2_tutorial/ws01_plumbing/install/py02_servise/lib/py02_servise
writing list of installed files to '/home/zhiyan/ros2_tutorial/ws01_plumbing/build/py02_servise/install.log'
