running egg_info
creating ../../build/pkg02_helloworld_py/pkg02_helloworld_py.egg-info
writing ../../build/pkg02_helloworld_py/pkg02_helloworld_py.egg-info/PKG-INFO
writing dependency_links to ../../build/pkg02_helloworld_py/pkg02_helloworld_py.egg-info/dependency_links.txt
writing entry points to ../../build/pkg02_helloworld_py/pkg02_helloworld_py.egg-info/entry_points.txt
writing requirements to ../../build/pkg02_helloworld_py/pkg02_helloworld_py.egg-info/requires.txt
writing top-level names to ../../build/pkg02_helloworld_py/pkg02_helloworld_py.egg-info/top_level.txt
writing manifest file '../../build/pkg02_helloworld_py/pkg02_helloworld_py.egg-info/SOURCES.txt'
reading manifest file '../../build/pkg02_helloworld_py/pkg02_helloworld_py.egg-info/SOURCES.txt'
writing manifest file '../../build/pkg02_helloworld_py/pkg02_helloworld_py.egg-info/SOURCES.txt'
running build
running build_py
creating /home/zhiyan/ws00_helloworld/build/pkg02_helloworld_py/build
creating /home/zhiyan/ws00_helloworld/build/pkg02_helloworld_py/build/lib
creating /home/zhiyan/ws00_helloworld/build/pkg02_helloworld_py/build/lib/pkg02_helloworld_py
copying pkg02_helloworld_py/helloworld.py -> /home/zhiyan/ws00_helloworld/build/pkg02_helloworld_py/build/lib/pkg02_helloworld_py
copying pkg02_helloworld_py/__init__.py -> /home/zhiyan/ws00_helloworld/build/pkg02_helloworld_py/build/lib/pkg02_helloworld_py
running install
running install_lib
creating /home/zhiyan/ws00_helloworld/install/pkg02_helloworld_py/lib/python3.10/site-packages/pkg02_helloworld_py
copying /home/zhiyan/ws00_helloworld/build/pkg02_helloworld_py/build/lib/pkg02_helloworld_py/helloworld.py -> /home/zhiyan/ws00_helloworld/install/pkg02_helloworld_py/lib/python3.10/site-packages/pkg02_helloworld_py
copying /home/zhiyan/ws00_helloworld/build/pkg02_helloworld_py/build/lib/pkg02_helloworld_py/__init__.py -> /home/zhiyan/ws00_helloworld/install/pkg02_helloworld_py/lib/python3.10/site-packages/pkg02_helloworld_py
byte-compiling /home/zhiyan/ws00_helloworld/install/pkg02_helloworld_py/lib/python3.10/site-packages/pkg02_helloworld_py/helloworld.py to helloworld.cpython-310.pyc
byte-compiling /home/zhiyan/ws00_helloworld/install/pkg02_helloworld_py/lib/python3.10/site-packages/pkg02_helloworld_py/__init__.py to __init__.cpython-310.pyc
running install_data
creating /home/zhiyan/ws00_helloworld/install/pkg02_helloworld_py/share/ament_index
creating /home/zhiyan/ws00_helloworld/install/pkg02_helloworld_py/share/ament_index/resource_index
creating /home/zhiyan/ws00_helloworld/install/pkg02_helloworld_py/share/ament_index/resource_index/packages
copying resource/pkg02_helloworld_py -> /home/zhiyan/ws00_helloworld/install/pkg02_helloworld_py/share/ament_index/resource_index/packages
copying package.xml -> /home/zhiyan/ws00_helloworld/install/pkg02_helloworld_py/share/pkg02_helloworld_py
running install_egg_info
Copying ../../build/pkg02_helloworld_py/pkg02_helloworld_py.egg-info to /home/zhiyan/ws00_helloworld/install/pkg02_helloworld_py/lib/python3.10/site-packages/pkg02_helloworld_py-0.0.0-py3.10.egg-info
running install_scripts
Installing helloworld script to /home/zhiyan/ws00_helloworld/install/pkg02_helloworld_py/lib/pkg02_helloworld_py
writing list of installed files to '/home/zhiyan/ws00_helloworld/build/pkg02_helloworld_py/install.log'
