[0.376s] Invoking command in '/home/zhiyan/ws00_helloworld/src/pkg02_helloworld_py': PYTHONPATH=/home/zhiyan/ws00_helloworld/build/pkg02_helloworld_py/prefix_override:/usr/lib/python3/dist-packages/colcon_core/task/python/colcon_distutils_commands:/home/zhiyan/ws00_helloworld/install/pkg02_helloworld_py/lib/python3.10/site-packages:${PYTHONPATH} /usr/bin/python3 -W ignore:setup.py install is deprecated -W ignore:easy_install command is deprecated setup.py egg_info --egg-base ../../build/pkg02_helloworld_py build --build-base /home/zhiyan/ws00_helloworld/build/pkg02_helloworld_py/build install --record /home/zhiyan/ws00_helloworld/build/pkg02_helloworld_py/install.log --single-version-externally-managed install_data
[0.507s] running egg_info
[0.507s] creating ../../build/pkg02_helloworld_py/pkg02_helloworld_py.egg-info
[0.507s] writing ../../build/pkg02_helloworld_py/pkg02_helloworld_py.egg-info/PKG-INFO
[0.507s] writing dependency_links to ../../build/pkg02_helloworld_py/pkg02_helloworld_py.egg-info/dependency_links.txt
[0.507s] writing entry points to ../../build/pkg02_helloworld_py/pkg02_helloworld_py.egg-info/entry_points.txt
[0.507s] writing requirements to ../../build/pkg02_helloworld_py/pkg02_helloworld_py.egg-info/requires.txt
[0.507s] writing top-level names to ../../build/pkg02_helloworld_py/pkg02_helloworld_py.egg-info/top_level.txt
[0.508s] writing manifest file '../../build/pkg02_helloworld_py/pkg02_helloworld_py.egg-info/SOURCES.txt'
[0.508s] reading manifest file '../../build/pkg02_helloworld_py/pkg02_helloworld_py.egg-info/SOURCES.txt'
[0.509s] writing manifest file '../../build/pkg02_helloworld_py/pkg02_helloworld_py.egg-info/SOURCES.txt'
[0.509s] running build
[0.509s] running build_py
[0.509s] creating /home/zhiyan/ws00_helloworld/build/pkg02_helloworld_py/build
[0.509s] creating /home/zhiyan/ws00_helloworld/build/pkg02_helloworld_py/build/lib
[0.509s] creating /home/zhiyan/ws00_helloworld/build/pkg02_helloworld_py/build/lib/pkg02_helloworld_py
[0.509s] copying pkg02_helloworld_py/helloworld.py -> /home/zhiyan/ws00_helloworld/build/pkg02_helloworld_py/build/lib/pkg02_helloworld_py
[0.509s] copying pkg02_helloworld_py/__init__.py -> /home/zhiyan/ws00_helloworld/build/pkg02_helloworld_py/build/lib/pkg02_helloworld_py
[0.509s] running install
[0.509s] running install_lib
[0.509s] creating /home/zhiyan/ws00_helloworld/install/pkg02_helloworld_py/lib/python3.10/site-packages/pkg02_helloworld_py
[0.510s] copying /home/zhiyan/ws00_helloworld/build/pkg02_helloworld_py/build/lib/pkg02_helloworld_py/helloworld.py -> /home/zhiyan/ws00_helloworld/install/pkg02_helloworld_py/lib/python3.10/site-packages/pkg02_helloworld_py
[0.510s] copying /home/zhiyan/ws00_helloworld/build/pkg02_helloworld_py/build/lib/pkg02_helloworld_py/__init__.py -> /home/zhiyan/ws00_helloworld/install/pkg02_helloworld_py/lib/python3.10/site-packages/pkg02_helloworld_py
[0.510s] byte-compiling /home/zhiyan/ws00_helloworld/install/pkg02_helloworld_py/lib/python3.10/site-packages/pkg02_helloworld_py/helloworld.py to helloworld.cpython-310.pyc
[0.510s] byte-compiling /home/zhiyan/ws00_helloworld/install/pkg02_helloworld_py/lib/python3.10/site-packages/pkg02_helloworld_py/__init__.py to __init__.cpython-310.pyc
[0.510s] running install_data
[0.510s] creating /home/zhiyan/ws00_helloworld/install/pkg02_helloworld_py/share/ament_index
[0.510s] creating /home/zhiyan/ws00_helloworld/install/pkg02_helloworld_py/share/ament_index/resource_index
[0.510s] creating /home/zhiyan/ws00_helloworld/install/pkg02_helloworld_py/share/ament_index/resource_index/packages
[0.510s] copying resource/pkg02_helloworld_py -> /home/zhiyan/ws00_helloworld/install/pkg02_helloworld_py/share/ament_index/resource_index/packages
[0.510s] copying package.xml -> /home/zhiyan/ws00_helloworld/install/pkg02_helloworld_py/share/pkg02_helloworld_py
[0.510s] running install_egg_info
[0.511s] Copying ../../build/pkg02_helloworld_py/pkg02_helloworld_py.egg-info to /home/zhiyan/ws00_helloworld/install/pkg02_helloworld_py/lib/python3.10/site-packages/pkg02_helloworld_py-0.0.0-py3.10.egg-info
[0.511s] running install_scripts
[0.524s] Installing helloworld script to /home/zhiyan/ws00_helloworld/install/pkg02_helloworld_py/lib/pkg02_helloworld_py
[0.525s] writing list of installed files to '/home/zhiyan/ws00_helloworld/build/pkg02_helloworld_py/install.log'
[0.538s] Invoked command in '/home/zhiyan/ws00_helloworld/src/pkg02_helloworld_py' returned '0': PYTHONPATH=/home/zhiyan/ws00_helloworld/build/pkg02_helloworld_py/prefix_override:/usr/lib/python3/dist-packages/colcon_core/task/python/colcon_distutils_commands:/home/zhiyan/ws00_helloworld/install/pkg02_helloworld_py/lib/python3.10/site-packages:${PYTHONPATH} /usr/bin/python3 -W ignore:setup.py install is deprecated -W ignore:easy_install command is deprecated setup.py egg_info --egg-base ../../build/pkg02_helloworld_py build --build-base /home/zhiyan/ws00_helloworld/build/pkg02_helloworld_py/build install --record /home/zhiyan/ws00_helloworld/build/pkg02_helloworld_py/install.log --single-version-externally-managed install_data
