[0.367s] Invoking command in '/home/zhiyan/ros2_tutorial/ws00_helloworld/src/pkg02_helloworld_py': PYTHONPATH=/home/zhiyan/ros2_tutorial/ws00_helloworld/build/pkg02_helloworld_py/prefix_override:/usr/lib/python3/dist-packages/colcon_core/task/python/colcon_distutils_commands:/home/zhiyan/ros2_tutorial/ws00_helloworld/install/pkg02_helloworld_py/lib/python3.10/site-packages:${PYTHONPATH} /usr/bin/python3 -W ignore:setup.py install is deprecated -W ignore:easy_install command is deprecated setup.py egg_info --egg-base ../../build/pkg02_helloworld_py build --build-base /home/zhiyan/ros2_tutorial/ws00_helloworld/build/pkg02_helloworld_py/build install --record /home/zhiyan/ros2_tutorial/ws00_helloworld/build/pkg02_helloworld_py/install.log --single-version-externally-managed install_data
[0.500s] running egg_info
[0.500s] writing ../../build/pkg02_helloworld_py/pkg02_helloworld_py.egg-info/PKG-INFO
[0.500s] writing dependency_links to ../../build/pkg02_helloworld_py/pkg02_helloworld_py.egg-info/dependency_links.txt
[0.500s] writing entry points to ../../build/pkg02_helloworld_py/pkg02_helloworld_py.egg-info/entry_points.txt
[0.500s] writing requirements to ../../build/pkg02_helloworld_py/pkg02_helloworld_py.egg-info/requires.txt
[0.500s] writing top-level names to ../../build/pkg02_helloworld_py/pkg02_helloworld_py.egg-info/top_level.txt
[0.501s] reading manifest file '../../build/pkg02_helloworld_py/pkg02_helloworld_py.egg-info/SOURCES.txt'
[0.502s] writing manifest file '../../build/pkg02_helloworld_py/pkg02_helloworld_py.egg-info/SOURCES.txt'
[0.502s] running build
[0.502s] running build_py
[0.502s] running install
[0.502s] running install_lib
[0.503s] running install_data
[0.503s] running install_egg_info
[0.504s] removing '/home/zhiyan/ros2_tutorial/ws00_helloworld/install/pkg02_helloworld_py/lib/python3.10/site-packages/pkg02_helloworld_py-0.0.0-py3.10.egg-info' (and everything under it)
[0.504s] Copying ../../build/pkg02_helloworld_py/pkg02_helloworld_py.egg-info to /home/zhiyan/ros2_tutorial/ws00_helloworld/install/pkg02_helloworld_py/lib/python3.10/site-packages/pkg02_helloworld_py-0.0.0-py3.10.egg-info
[0.504s] running install_scripts
[0.518s] Installing helloworld script to /home/zhiyan/ros2_tutorial/ws00_helloworld/install/pkg02_helloworld_py/lib/pkg02_helloworld_py
[0.518s] writing list of installed files to '/home/zhiyan/ros2_tutorial/ws00_helloworld/build/pkg02_helloworld_py/install.log'
[0.533s] Invoked command in '/home/zhiyan/ros2_tutorial/ws00_helloworld/src/pkg02_helloworld_py' returned '0': PYTHONPATH=/home/zhiyan/ros2_tutorial/ws00_helloworld/build/pkg02_helloworld_py/prefix_override:/usr/lib/python3/dist-packages/colcon_core/task/python/colcon_distutils_commands:/home/zhiyan/ros2_tutorial/ws00_helloworld/install/pkg02_helloworld_py/lib/python3.10/site-packages:${PYTHONPATH} /usr/bin/python3 -W ignore:setup.py install is deprecated -W ignore:easy_install command is deprecated setup.py egg_info --egg-base ../../build/pkg02_helloworld_py build --build-base /home/zhiyan/ros2_tutorial/ws00_helloworld/build/pkg02_helloworld_py/build install --record /home/zhiyan/ros2_tutorial/ws00_helloworld/build/pkg02_helloworld_py/install.log --single-version-externally-managed install_data
