[0.142s] DEBUG:colcon:Command line arguments: ['/usr/bin/colcon', 'build', '--packages-select', 'py01_topic']
[0.142s] DEBUG:colcon:Parsed command line arguments: Namespace(log_base=None, log_level=None, verb_name='build', build_base='build', install_base='install', merge_install=False, symlink_install=False, test_result_base=None, continue_on_error=False, executor='parallel', parallel_workers=20, event_handlers=None, ignore_user_meta=False, metas=['./colcon.meta'], base_paths=['.'], packages_ignore=None, packages_ignore_regex=None, paths=None, packages_up_to=None, packages_up_to_regex=None, packages_above=None, packages_above_and_dependencies=None, packages_above_depth=None, packages_select_by_dep=None, packages_skip_by_dep=None, packages_skip_up_to=None, packages_select_build_failed=False, packages_skip_build_finished=False, packages_select_test_failures=False, packages_skip_test_passed=False, packages_select=['py01_topic'], packages_skip=None, packages_select_regex=None, packages_skip_regex=None, packages_start=None, packages_end=None, allow_overriding=[], cmake_args=None, cmake_target=None, cmake_target_skip_unavailable=False, cmake_clean_cache=False, cmake_clean_first=False, cmake_force_configure=False, ament_cmake_args=None, catkin_cmake_args=None, catkin_skip_building_tests=False, verb_parser=<colcon_defaults.argument_parser.defaults.DefaultArgumentsDecorator object at 0x7f201a6e6440>, verb_extension=<colcon_core.verb.build.BuildVerb object at 0x7f201a6e4fd0>, main=<bound method BuildVerb.main of <colcon_core.verb.build.BuildVerb object at 0x7f201a6e4fd0>>)
[0.294s] Level 1:colcon.colcon_core.package_discovery:discover_packages(colcon_meta) check parameters
[0.294s] Level 1:colcon.colcon_core.package_discovery:discover_packages(recursive) check parameters
[0.294s] Level 1:colcon.colcon_core.package_discovery:discover_packages(ignore) check parameters
[0.294s] Level 1:colcon.colcon_core.package_discovery:discover_packages(path) check parameters
[0.294s] Level 1:colcon.colcon_core.package_discovery:discover_packages(colcon_meta) discover
[0.295s] Level 1:colcon.colcon_core.package_discovery:discover_packages(recursive) discover
[0.295s] INFO:colcon.colcon_core.package_discovery:Crawling recursively for packages in '/home/zhiyan/ros2_tutorial/ws01_plumbing/src/py01_topic'
[0.295s] Level 1:colcon.colcon_core.package_identification:_identify(.) by extensions ['ignore', 'ignore_ament_install']
[0.295s] Level 1:colcon.colcon_core.package_identification:_identify(.) by extension 'ignore'
[0.295s] Level 1:colcon.colcon_core.package_identification:_identify(.) by extension 'ignore_ament_install'
[0.295s] Level 1:colcon.colcon_core.package_identification:_identify(.) by extensions ['colcon_pkg']
[0.295s] Level 1:colcon.colcon_core.package_identification:_identify(.) by extension 'colcon_pkg'
[0.295s] Level 1:colcon.colcon_core.package_identification:_identify(.) by extensions ['colcon_meta']
[0.295s] Level 1:colcon.colcon_core.package_identification:_identify(.) by extension 'colcon_meta'
[0.295s] Level 1:colcon.colcon_core.package_identification:_identify(.) by extensions ['ros']
[0.295s] Level 1:colcon.colcon_core.package_identification:_identify(.) by extension 'ros'
[0.328s] DEBUG:colcon.colcon_core.package_identification:Package '.' with type 'ros.ament_python' and name 'py01_topic'
[0.328s] Level 1:colcon.colcon_core.package_discovery:discover_packages(recursive) using defaults
[0.328s] Level 1:colcon.colcon_core.package_discovery:discover_packages(ignore) discover
[0.328s] Level 1:colcon.colcon_core.package_discovery:discover_packages(ignore) using defaults
[0.328s] Level 1:colcon.colcon_core.package_discovery:discover_packages(path) discover
[0.328s] Level 1:colcon.colcon_core.package_discovery:discover_packages(path) using defaults
[0.352s] Level 1:colcon.colcon_core.package_discovery:discover_packages(prefix_path) check parameters
[0.352s] Level 1:colcon.colcon_core.package_discovery:discover_packages(prefix_path) discover
[0.354s] DEBUG:colcon.colcon_installed_package_information.package_discovery:Found 1 installed packages in /home/zhiyan/ros2_tutorial/ws01_plumbing/src/py01_topic/install
[0.355s] DEBUG:colcon.colcon_installed_package_information.package_discovery:Found 0 installed packages in /home/zhiyan/ros2_tutorial/ws01_plumbing/install
[0.355s] DEBUG:colcon.colcon_installed_package_information.package_discovery:Found 0 installed packages in /home/zhiyan/ros2_tutorial/ws01_plumbing/src/install
[0.355s] DEBUG:colcon.colcon_installed_package_information.package_discovery:Found 273 installed packages in /opt/ros/humble
[0.357s] Level 1:colcon.colcon_core.package_discovery:discover_packages(prefix_path) using defaults
[0.378s] Level 5:colcon.colcon_core.verb:set package 'py01_topic' build argument 'cmake_args' from command line to 'None'
[0.378s] Level 5:colcon.colcon_core.verb:set package 'py01_topic' build argument 'cmake_target' from command line to 'None'
[0.378s] Level 5:colcon.colcon_core.verb:set package 'py01_topic' build argument 'cmake_target_skip_unavailable' from command line to 'False'
[0.378s] Level 5:colcon.colcon_core.verb:set package 'py01_topic' build argument 'cmake_clean_cache' from command line to 'False'
[0.378s] Level 5:colcon.colcon_core.verb:set package 'py01_topic' build argument 'cmake_clean_first' from command line to 'False'
[0.378s] Level 5:colcon.colcon_core.verb:set package 'py01_topic' build argument 'cmake_force_configure' from command line to 'False'
[0.378s] Level 5:colcon.colcon_core.verb:set package 'py01_topic' build argument 'ament_cmake_args' from command line to 'None'
[0.378s] Level 5:colcon.colcon_core.verb:set package 'py01_topic' build argument 'catkin_cmake_args' from command line to 'None'
[0.378s] Level 5:colcon.colcon_core.verb:set package 'py01_topic' build argument 'catkin_skip_building_tests' from command line to 'False'
[0.378s] DEBUG:colcon.colcon_core.verb:Building package 'py01_topic' with the following arguments: {'ament_cmake_args': None, 'build_base': '/home/zhiyan/ros2_tutorial/ws01_plumbing/src/py01_topic/build/py01_topic', 'catkin_cmake_args': None, 'catkin_skip_building_tests': False, 'cmake_args': None, 'cmake_clean_cache': False, 'cmake_clean_first': False, 'cmake_force_configure': False, 'cmake_target': None, 'cmake_target_skip_unavailable': False, 'install_base': '/home/zhiyan/ros2_tutorial/ws01_plumbing/src/py01_topic/install/py01_topic', 'merge_install': False, 'path': '/home/zhiyan/ros2_tutorial/ws01_plumbing/src/py01_topic', 'symlink_install': False, 'test_result_base': None}
[0.378s] INFO:colcon.colcon_core.executor:Executing jobs using 'parallel' executor
[0.379s] DEBUG:colcon.colcon_parallel_executor.executor.parallel:run_until_complete
[0.379s] INFO:colcon.colcon_ros.task.ament_python.build:Building ROS package in '/home/zhiyan/ros2_tutorial/ws01_plumbing/src/py01_topic' with build type 'ament_python'
[0.379s] Level 1:colcon.colcon_core.shell:create_environment_hook('py01_topic', 'ament_prefix_path')
[0.382s] INFO:colcon.colcon_core.plugin_system:Skipping extension 'colcon_core.shell.bat': Not used on non-Windows systems
[0.382s] INFO:colcon.colcon_core.shell:Creating environment hook '/home/zhiyan/ros2_tutorial/ws01_plumbing/src/py01_topic/install/py01_topic/share/py01_topic/hook/ament_prefix_path.ps1'
[0.383s] INFO:colcon.colcon_core.shell:Creating environment descriptor '/home/zhiyan/ros2_tutorial/ws01_plumbing/src/py01_topic/install/py01_topic/share/py01_topic/hook/ament_prefix_path.dsv'
[0.383s] INFO:colcon.colcon_core.shell:Creating environment hook '/home/zhiyan/ros2_tutorial/ws01_plumbing/src/py01_topic/install/py01_topic/share/py01_topic/hook/ament_prefix_path.sh'
[0.383s] INFO:colcon.colcon_core.shell:Skip shell extension 'powershell' for command environment: Not usable outside of PowerShell
[0.383s] DEBUG:colcon.colcon_core.shell:Skip shell extension 'dsv' for command environment
[0.605s] INFO:colcon.colcon_core.task.python.build:Building Python package in '/home/zhiyan/ros2_tutorial/ws01_plumbing/src/py01_topic'
[0.605s] INFO:colcon.colcon_core.shell:Skip shell extension 'powershell' for command environment: Not usable outside of PowerShell
[0.605s] DEBUG:colcon.colcon_core.shell:Skip shell extension 'dsv' for command environment
[0.920s] DEBUG:colcon.colcon_core.event_handler.log_command:Invoking command in '/home/zhiyan/ros2_tutorial/ws01_plumbing/src/py01_topic': PYTHONPATH=/home/zhiyan/ros2_tutorial/ws01_plumbing/src/py01_topic/build/py01_topic/prefix_override:/usr/lib/python3/dist-packages/colcon_core/task/python/colcon_distutils_commands:/home/zhiyan/ros2_tutorial/ws01_plumbing/src/py01_topic/install/py01_topic/lib/python3.10/site-packages:${PYTHONPATH} /usr/bin/python3 -W ignore:setup.py install is deprecated -W ignore:easy_install command is deprecated setup.py egg_info --egg-base build/py01_topic build --build-base /home/zhiyan/ros2_tutorial/ws01_plumbing/src/py01_topic/build/py01_topic/build install --record /home/zhiyan/ros2_tutorial/ws01_plumbing/src/py01_topic/build/py01_topic/install.log --single-version-externally-managed install_data
[1.179s] DEBUG:colcon.colcon_core.event_handler.log_command:Invoked command in '/home/zhiyan/ros2_tutorial/ws01_plumbing/src/py01_topic' returned '0': PYTHONPATH=/home/zhiyan/ros2_tutorial/ws01_plumbing/src/py01_topic/build/py01_topic/prefix_override:/usr/lib/python3/dist-packages/colcon_core/task/python/colcon_distutils_commands:/home/zhiyan/ros2_tutorial/ws01_plumbing/src/py01_topic/install/py01_topic/lib/python3.10/site-packages:${PYTHONPATH} /usr/bin/python3 -W ignore:setup.py install is deprecated -W ignore:easy_install command is deprecated setup.py egg_info --egg-base build/py01_topic build --build-base /home/zhiyan/ros2_tutorial/ws01_plumbing/src/py01_topic/build/py01_topic/build install --record /home/zhiyan/ros2_tutorial/ws01_plumbing/src/py01_topic/build/py01_topic/install.log --single-version-externally-managed install_data
[1.183s] Level 1:colcon.colcon_core.environment:checking '/home/zhiyan/ros2_tutorial/ws01_plumbing/src/py01_topic/install/py01_topic' for CMake module files
[1.183s] Level 1:colcon.colcon_core.environment:checking '/home/zhiyan/ros2_tutorial/ws01_plumbing/src/py01_topic/install/py01_topic' for CMake config files
[1.183s] Level 1:colcon.colcon_core.environment:checking '/home/zhiyan/ros2_tutorial/ws01_plumbing/src/py01_topic/install/py01_topic/lib'
[1.183s] Level 1:colcon.colcon_core.environment:checking '/home/zhiyan/ros2_tutorial/ws01_plumbing/src/py01_topic/install/py01_topic/bin'
[1.183s] Level 1:colcon.colcon_core.environment:checking '/home/zhiyan/ros2_tutorial/ws01_plumbing/src/py01_topic/install/py01_topic/lib/pkgconfig/py01_topic.pc'
[1.183s] Level 1:colcon.colcon_core.environment:checking '/home/zhiyan/ros2_tutorial/ws01_plumbing/src/py01_topic/install/py01_topic/lib/python3.10/site-packages'
[1.184s] Level 1:colcon.colcon_core.shell:create_environment_hook('py01_topic', 'pythonpath')
[1.184s] INFO:colcon.colcon_core.shell:Creating environment hook '/home/zhiyan/ros2_tutorial/ws01_plumbing/src/py01_topic/install/py01_topic/share/py01_topic/hook/pythonpath.ps1'
[1.184s] INFO:colcon.colcon_core.shell:Creating environment descriptor '/home/zhiyan/ros2_tutorial/ws01_plumbing/src/py01_topic/install/py01_topic/share/py01_topic/hook/pythonpath.dsv'
[1.184s] INFO:colcon.colcon_core.shell:Creating environment hook '/home/zhiyan/ros2_tutorial/ws01_plumbing/src/py01_topic/install/py01_topic/share/py01_topic/hook/pythonpath.sh'
[1.185s] Level 1:colcon.colcon_core.environment:checking '/home/zhiyan/ros2_tutorial/ws01_plumbing/src/py01_topic/install/py01_topic/bin'
[1.185s] Level 1:colcon.colcon_core.environment:create_environment_scripts_only(py01_topic)
[1.185s] INFO:colcon.colcon_core.shell:Creating package script '/home/zhiyan/ros2_tutorial/ws01_plumbing/src/py01_topic/install/py01_topic/share/py01_topic/package.ps1'
[1.186s] INFO:colcon.colcon_core.shell:Creating package descriptor '/home/zhiyan/ros2_tutorial/ws01_plumbing/src/py01_topic/install/py01_topic/share/py01_topic/package.dsv'
[1.186s] INFO:colcon.colcon_core.shell:Creating package script '/home/zhiyan/ros2_tutorial/ws01_plumbing/src/py01_topic/install/py01_topic/share/py01_topic/package.sh'
[1.187s] INFO:colcon.colcon_core.shell:Creating package script '/home/zhiyan/ros2_tutorial/ws01_plumbing/src/py01_topic/install/py01_topic/share/py01_topic/package.bash'
[1.187s] INFO:colcon.colcon_core.shell:Creating package script '/home/zhiyan/ros2_tutorial/ws01_plumbing/src/py01_topic/install/py01_topic/share/py01_topic/package.zsh'
[1.187s] Level 1:colcon.colcon_core.environment:create_file_with_runtime_dependencies(/home/zhiyan/ros2_tutorial/ws01_plumbing/src/py01_topic/install/py01_topic/share/colcon-core/packages/py01_topic)
[1.188s] DEBUG:colcon.colcon_parallel_executor.executor.parallel:closing loop
[1.188s] DEBUG:colcon.colcon_parallel_executor.executor.parallel:loop closed
[1.188s] DEBUG:colcon.colcon_parallel_executor.executor.parallel:run_until_complete finished with '0'
[1.188s] DEBUG:colcon.colcon_core.event_reactor:joining thread
[1.195s] INFO:colcon.colcon_core.plugin_system:Skipping extension 'colcon_notification.desktop_notification.terminal_notifier': Not used on non-Darwin systems
[1.195s] INFO:colcon.colcon_core.plugin_system:Skipping extension 'colcon_notification.desktop_notification.win32': Not used on non-Windows systems
[1.195s] INFO:colcon.colcon_notification.desktop_notification:Sending desktop notification using 'notify2'
[1.204s] DEBUG:colcon.colcon_core.event_reactor:joined thread
[1.205s] INFO:colcon.colcon_core.shell:Creating prefix script '/home/zhiyan/ros2_tutorial/ws01_plumbing/src/py01_topic/install/local_setup.ps1'
[1.206s] INFO:colcon.colcon_core.shell:Creating prefix util module '/home/zhiyan/ros2_tutorial/ws01_plumbing/src/py01_topic/install/_local_setup_util_ps1.py'
[1.207s] INFO:colcon.colcon_core.shell:Creating prefix chain script '/home/zhiyan/ros2_tutorial/ws01_plumbing/src/py01_topic/install/setup.ps1'
[1.207s] INFO:colcon.colcon_core.shell:Creating prefix script '/home/zhiyan/ros2_tutorial/ws01_plumbing/src/py01_topic/install/local_setup.sh'
[1.208s] INFO:colcon.colcon_core.shell:Creating prefix util module '/home/zhiyan/ros2_tutorial/ws01_plumbing/src/py01_topic/install/_local_setup_util_sh.py'
[1.208s] INFO:colcon.colcon_core.shell:Creating prefix chain script '/home/zhiyan/ros2_tutorial/ws01_plumbing/src/py01_topic/install/setup.sh'
[1.209s] INFO:colcon.colcon_core.shell:Creating prefix script '/home/zhiyan/ros2_tutorial/ws01_plumbing/src/py01_topic/install/local_setup.bash'
[1.209s] INFO:colcon.colcon_core.shell:Creating prefix chain script '/home/zhiyan/ros2_tutorial/ws01_plumbing/src/py01_topic/install/setup.bash'
[1.210s] INFO:colcon.colcon_core.shell:Creating prefix script '/home/zhiyan/ros2_tutorial/ws01_plumbing/src/py01_topic/install/local_setup.zsh'
[1.210s] INFO:colcon.colcon_core.shell:Creating prefix chain script '/home/zhiyan/ros2_tutorial/ws01_plumbing/src/py01_topic/install/setup.zsh'
