[0.584s] Invoking command in '/home/zhiyan/ros2_tutorial/ws01_plumbing/src/py01_topic': PYTHONPATH=/home/zhiyan/ros2_tutorial/ws01_plumbing/build/py01_topic/prefix_override:/usr/lib/python3/dist-packages/colcon_core/task/python/colcon_distutils_commands:/home/zhiyan/ros2_tutorial/ws01_plumbing/install/py01_topic/lib/python3.10/site-packages:${PYTHONPATH} /usr/bin/python3 -W ignore:setup.py install is deprecated -W ignore:easy_install command is deprecated setup.py egg_info --egg-base ../../build/py01_topic build --build-base /home/zhiyan/ros2_tutorial/ws01_plumbing/build/py01_topic/build install --record /home/zhiyan/ros2_tutorial/ws01_plumbing/build/py01_topic/install.log --single-version-externally-managed install_data
[0.832s] running egg_info
[0.833s] writing ../../build/py01_topic/py01_topic.egg-info/PKG-INFO
[0.833s] writing dependency_links to ../../build/py01_topic/py01_topic.egg-info/dependency_links.txt
[0.833s] writing entry points to ../../build/py01_topic/py01_topic.egg-info/entry_points.txt
[0.833s] writing requirements to ../../build/py01_topic/py01_topic.egg-info/requires.txt
[0.833s] writing top-level names to ../../build/py01_topic/py01_topic.egg-info/top_level.txt
[0.835s] reading manifest file '../../build/py01_topic/py01_topic.egg-info/SOURCES.txt'
[0.836s] writing manifest file '../../build/py01_topic/py01_topic.egg-info/SOURCES.txt'
[0.836s] running build
[0.836s] running build_py
[0.836s] copying py01_topic/demo01_talker_str_py.py -> /home/zhiyan/ros2_tutorial/ws01_plumbing/build/py01_topic/build/lib/py01_topic
[0.836s] copying py01_topic/demo02_listener_str_py.py -> /home/zhiyan/ros2_tutorial/ws01_plumbing/build/py01_topic/build/lib/py01_topic
[0.837s] running install
[0.837s] running install_lib
[0.838s] copying /home/zhiyan/ros2_tutorial/ws01_plumbing/build/py01_topic/build/lib/py01_topic/demo01_talker_str_py.py -> /home/zhiyan/ros2_tutorial/ws01_plumbing/install/py01_topic/lib/python3.10/site-packages/py01_topic
[0.838s] copying /home/zhiyan/ros2_tutorial/ws01_plumbing/build/py01_topic/build/lib/py01_topic/demo02_listener_str_py.py -> /home/zhiyan/ros2_tutorial/ws01_plumbing/install/py01_topic/lib/python3.10/site-packages/py01_topic
[0.838s] byte-compiling /home/zhiyan/ros2_tutorial/ws01_plumbing/install/py01_topic/lib/python3.10/site-packages/py01_topic/demo01_talker_str_py.py to demo01_talker_str_py.cpython-310.pyc
[0.839s] byte-compiling /home/zhiyan/ros2_tutorial/ws01_plumbing/install/py01_topic/lib/python3.10/site-packages/py01_topic/demo02_listener_str_py.py to demo02_listener_str_py.cpython-310.pyc
[0.839s] running install_data
[0.839s] running install_egg_info
[0.842s] removing '/home/zhiyan/ros2_tutorial/ws01_plumbing/install/py01_topic/lib/python3.10/site-packages/py01_topic-0.0.0-py3.10.egg-info' (and everything under it)
[0.842s] Copying ../../build/py01_topic/py01_topic.egg-info to /home/zhiyan/ros2_tutorial/ws01_plumbing/install/py01_topic/lib/python3.10/site-packages/py01_topic-0.0.0-py3.10.egg-info
[0.843s] running install_scripts
[0.873s] Installing demo01_talker_str_py script to /home/zhiyan/ros2_tutorial/ws01_plumbing/install/py01_topic/lib/py01_topic
[0.873s] Installing demo02_listener_str_py script to /home/zhiyan/ros2_tutorial/ws01_plumbing/install/py01_topic/lib/py01_topic
[0.873s] Installing demo03_talker_stu_py script to /home/zhiyan/ros2_tutorial/ws01_plumbing/install/py01_topic/lib/py01_topic
[0.873s] Installing demo04_listener_stu_py script to /home/zhiyan/ros2_tutorial/ws01_plumbing/install/py01_topic/lib/py01_topic
[0.873s] writing list of installed files to '/home/zhiyan/ros2_tutorial/ws01_plumbing/build/py01_topic/install.log'
[0.889s] Invoked command in '/home/zhiyan/ros2_tutorial/ws01_plumbing/src/py01_topic' returned '0': PYTHONPATH=/home/zhiyan/ros2_tutorial/ws01_plumbing/build/py01_topic/prefix_override:/usr/lib/python3/dist-packages/colcon_core/task/python/colcon_distutils_commands:/home/zhiyan/ros2_tutorial/ws01_plumbing/install/py01_topic/lib/python3.10/site-packages:${PYTHONPATH} /usr/bin/python3 -W ignore:setup.py install is deprecated -W ignore:easy_install command is deprecated setup.py egg_info --egg-base ../../build/py01_topic build --build-base /home/zhiyan/ros2_tutorial/ws01_plumbing/build/py01_topic/build install --record /home/zhiyan/ros2_tutorial/ws01_plumbing/build/py01_topic/install.log --single-version-externally-managed install_data
