[0.012s] Invoking command in '/home/zhiyan/ws00_helloworld/build/pkg01_helloworld_cpp': CMAKE_PREFIX_PATH=/opt/ros/humble /usr/bin/cmake --build /home/zhiyan/ws00_helloworld/build/pkg01_helloworld_cpp -- -j20 -l20
[0.057s] [100%] Built target helloworld
[0.164s] Invoked command in '/home/zhiyan/ws00_helloworld/build/pkg01_helloworld_cpp' returned '0': CMAKE_PREFIX_PATH=/opt/ros/humble /usr/bin/cmake --build /home/zhiyan/ws00_helloworld/build/pkg01_helloworld_cpp -- -j20 -l20
[0.173s] Invoking command in '/home/zhiyan/ws00_helloworld/build/pkg01_helloworld_cpp': CMAKE_PREFIX_PATH=/opt/ros/humble /usr/bin/cmake --install /home/zhiyan/ws00_helloworld/build/pkg01_helloworld_cpp
[0.181s] -- Install configuration: ""
[0.181s] -- Up-to-date: /home/zhiyan/ws00_helloworld/install/pkg01_helloworld_cpp/lib/pkg01_helloworld_cpp/helloworld
[0.181s] -- Up-to-date: /home/zhiyan/ws00_helloworld/install/pkg01_helloworld_cpp/share/ament_index/resource_index/package_run_dependencies/pkg01_helloworld_cpp
[0.182s] -- Up-to-date: /home/zhiyan/ws00_helloworld/install/pkg01_helloworld_cpp/share/ament_index/resource_index/parent_prefix_path/pkg01_helloworld_cpp
[0.182s] -- Up-to-date: /home/zhiyan/ws00_helloworld/install/pkg01_helloworld_cpp/share/pkg01_helloworld_cpp/environment/ament_prefix_path.sh
[0.182s] -- Up-to-date: /home/zhiyan/ws00_helloworld/install/pkg01_helloworld_cpp/share/pkg01_helloworld_cpp/environment/ament_prefix_path.dsv
[0.182s] -- Up-to-date: /home/zhiyan/ws00_helloworld/install/pkg01_helloworld_cpp/share/pkg01_helloworld_cpp/environment/path.sh
[0.182s] -- Up-to-date: /home/zhiyan/ws00_helloworld/install/pkg01_helloworld_cpp/share/pkg01_helloworld_cpp/environment/path.dsv
[0.182s] -- Up-to-date: /home/zhiyan/ws00_helloworld/install/pkg01_helloworld_cpp/share/pkg01_helloworld_cpp/local_setup.bash
[0.182s] -- Up-to-date: /home/zhiyan/ws00_helloworld/install/pkg01_helloworld_cpp/share/pkg01_helloworld_cpp/local_setup.sh
[0.182s] -- Up-to-date: /home/zhiyan/ws00_helloworld/install/pkg01_helloworld_cpp/share/pkg01_helloworld_cpp/local_setup.zsh
[0.182s] -- Up-to-date: /home/zhiyan/ws00_helloworld/install/pkg01_helloworld_cpp/share/pkg01_helloworld_cpp/local_setup.dsv
[0.182s] -- Installing: /home/zhiyan/ws00_helloworld/install/pkg01_helloworld_cpp/share/pkg01_helloworld_cpp/package.dsv
[0.183s] -- Up-to-date: /home/zhiyan/ws00_helloworld/install/pkg01_helloworld_cpp/share/ament_index/resource_index/packages/pkg01_helloworld_cpp
[0.183s] -- Up-to-date: /home/zhiyan/ws00_helloworld/install/pkg01_helloworld_cpp/share/pkg01_helloworld_cpp/cmake/pkg01_helloworld_cppConfig.cmake
[0.183s] -- Up-to-date: /home/zhiyan/ws00_helloworld/install/pkg01_helloworld_cpp/share/pkg01_helloworld_cpp/cmake/pkg01_helloworld_cppConfig-version.cmake
[0.183s] -- Up-to-date: /home/zhiyan/ws00_helloworld/install/pkg01_helloworld_cpp/share/pkg01_helloworld_cpp/package.xml
[0.184s] Invoked command in '/home/zhiyan/ws00_helloworld/build/pkg01_helloworld_cpp' returned '0': CMAKE_PREFIX_PATH=/opt/ros/humble /usr/bin/cmake --install /home/zhiyan/ws00_helloworld/build/pkg01_helloworld_cpp
