[0.529s] Invoking command in '/home/zhiyan/ros2_tutorial/ws01_plumbing/build/py01_topic': PYTHONPATH=/home/zhiyan/ros2_tutorial/ws01_plumbing/build/py01_topic/prefix_override:/usr/lib/python3/dist-packages/colcon_core/task/python/colcon_distutils_commands:/home/zhiyan/ros2_tutorial/ws01_plumbing/install/py01_topic/lib/python3.10/site-packages:${PYTHONPATH} /usr/bin/python3 -W ignore:setup.py install is deprecated -W ignore:easy_install command is deprecated setup.py develop --uninstall --editable --build-directory /home/zhiyan/ros2_tutorial/ws01_plumbing/build/py01_topic/build
[0.774s] running develop
[0.854s] Removing /home/zhiyan/ros2_tutorial/ws01_plumbing/install/py01_topic/lib/python3.10/site-packages/py01-topic.egg-link (link to .)
[0.872s] Invoked command in '/home/zhiyan/ros2_tutorial/ws01_plumbing/build/py01_topic' returned '0': PYTHONPATH=/home/zhiyan/ros2_tutorial/ws01_plumbing/build/py01_topic/prefix_override:/usr/lib/python3/dist-packages/colcon_core/task/python/colcon_distutils_commands:/home/zhiyan/ros2_tutorial/ws01_plumbing/install/py01_topic/lib/python3.10/site-packages:${PYTHONPATH} /usr/bin/python3 -W ignore:setup.py install is deprecated -W ignore:easy_install command is deprecated setup.py develop --uninstall --editable --build-directory /home/zhiyan/ros2_tutorial/ws01_plumbing/build/py01_topic/build
[0.874s] Invoking command in '/home/zhiyan/ros2_tutorial/ws01_plumbing/src/py01_topic': PYTHONPATH=/home/zhiyan/ros2_tutorial/ws01_plumbing/build/py01_topic/prefix_override:/usr/lib/python3/dist-packages/colcon_core/task/python/colcon_distutils_commands:/home/zhiyan/ros2_tutorial/ws01_plumbing/install/py01_topic/lib/python3.10/site-packages:${PYTHONPATH} /usr/bin/python3 -W ignore:setup.py install is deprecated -W ignore:easy_install command is deprecated setup.py egg_info --egg-base ../../build/py01_topic build --build-base /home/zhiyan/ros2_tutorial/ws01_plumbing/build/py01_topic/build install --record /home/zhiyan/ros2_tutorial/ws01_plumbing/build/py01_topic/install.log --single-version-externally-managed install_data --force
[1.077s] running egg_info
[1.078s] writing ../../build/py01_topic/py01_topic.egg-info/PKG-INFO
[1.078s] writing dependency_links to ../../build/py01_topic/py01_topic.egg-info/dependency_links.txt
[1.078s] writing entry points to ../../build/py01_topic/py01_topic.egg-info/entry_points.txt
[1.078s] writing requirements to ../../build/py01_topic/py01_topic.egg-info/requires.txt
[1.078s] writing top-level names to ../../build/py01_topic/py01_topic.egg-info/top_level.txt
[1.080s] reading manifest file '../../build/py01_topic/py01_topic.egg-info/SOURCES.txt'
[1.080s] writing manifest file '../../build/py01_topic/py01_topic.egg-info/SOURCES.txt'
[1.080s] running build
[1.080s] running build_py
[1.080s] copying py01_topic/demo03_talker_stu_py.py -> /home/zhiyan/ros2_tutorial/ws01_plumbing/build/py01_topic/build/lib/py01_topic
[1.081s] running install
[1.081s] running install_lib
[1.082s] creating /home/zhiyan/ros2_tutorial/ws01_plumbing/install/py01_topic/lib/python3.10/site-packages/py01_topic
[1.082s] copying /home/zhiyan/ros2_tutorial/ws01_plumbing/build/py01_topic/build/lib/py01_topic/demo03_talker_stu_py.py -> /home/zhiyan/ros2_tutorial/ws01_plumbing/install/py01_topic/lib/python3.10/site-packages/py01_topic
[1.082s] copying /home/zhiyan/ros2_tutorial/ws01_plumbing/build/py01_topic/build/lib/py01_topic/demo01_talker_str_py.py -> /home/zhiyan/ros2_tutorial/ws01_plumbing/install/py01_topic/lib/python3.10/site-packages/py01_topic
[1.082s] copying /home/zhiyan/ros2_tutorial/ws01_plumbing/build/py01_topic/build/lib/py01_topic/__init__.py -> /home/zhiyan/ros2_tutorial/ws01_plumbing/install/py01_topic/lib/python3.10/site-packages/py01_topic
[1.082s] copying /home/zhiyan/ros2_tutorial/ws01_plumbing/build/py01_topic/build/lib/py01_topic/demo04_listener_stu_py.py -> /home/zhiyan/ros2_tutorial/ws01_plumbing/install/py01_topic/lib/python3.10/site-packages/py01_topic
[1.082s] copying /home/zhiyan/ros2_tutorial/ws01_plumbing/build/py01_topic/build/lib/py01_topic/demo02_listener_str_py.py -> /home/zhiyan/ros2_tutorial/ws01_plumbing/install/py01_topic/lib/python3.10/site-packages/py01_topic
[1.082s] byte-compiling /home/zhiyan/ros2_tutorial/ws01_plumbing/install/py01_topic/lib/python3.10/site-packages/py01_topic/demo03_talker_stu_py.py to demo03_talker_stu_py.cpython-310.pyc
[1.082s] byte-compiling /home/zhiyan/ros2_tutorial/ws01_plumbing/install/py01_topic/lib/python3.10/site-packages/py01_topic/demo01_talker_str_py.py to demo01_talker_str_py.cpython-310.pyc
[1.082s] byte-compiling /home/zhiyan/ros2_tutorial/ws01_plumbing/install/py01_topic/lib/python3.10/site-packages/py01_topic/__init__.py to __init__.cpython-310.pyc
[1.083s] byte-compiling /home/zhiyan/ros2_tutorial/ws01_plumbing/install/py01_topic/lib/python3.10/site-packages/py01_topic/demo04_listener_stu_py.py to demo04_listener_stu_py.cpython-310.pyc
[1.083s] byte-compiling /home/zhiyan/ros2_tutorial/ws01_plumbing/install/py01_topic/lib/python3.10/site-packages/py01_topic/demo02_listener_str_py.py to demo02_listener_str_py.cpython-310.pyc
[1.083s] running install_data
[1.083s] copying resource/py01_topic -> /home/zhiyan/ros2_tutorial/ws01_plumbing/install/py01_topic/share/ament_index/resource_index/packages
[1.083s] copying package.xml -> /home/zhiyan/ros2_tutorial/ws01_plumbing/install/py01_topic/share/py01_topic
[1.083s] running install_egg_info
[1.085s] Copying ../../build/py01_topic/py01_topic.egg-info to /home/zhiyan/ros2_tutorial/ws01_plumbing/install/py01_topic/lib/python3.10/site-packages/py01_topic-0.0.0-py3.10.egg-info
[1.086s] running install_scripts
[1.111s] Installing demo01_talker_str_py script to /home/zhiyan/ros2_tutorial/ws01_plumbing/install/py01_topic/lib/py01_topic
[1.111s] Installing demo02_listener_str_py script to /home/zhiyan/ros2_tutorial/ws01_plumbing/install/py01_topic/lib/py01_topic
[1.111s] Installing demo03_talker_stu_py script to /home/zhiyan/ros2_tutorial/ws01_plumbing/install/py01_topic/lib/py01_topic
[1.112s] Installing demo04_listener_stu_py script to /home/zhiyan/ros2_tutorial/ws01_plumbing/install/py01_topic/lib/py01_topic
[1.112s] writing list of installed files to '/home/zhiyan/ros2_tutorial/ws01_plumbing/build/py01_topic/install.log'
[1.126s] Invoked command in '/home/zhiyan/ros2_tutorial/ws01_plumbing/src/py01_topic' returned '0': PYTHONPATH=/home/zhiyan/ros2_tutorial/ws01_plumbing/build/py01_topic/prefix_override:/usr/lib/python3/dist-packages/colcon_core/task/python/colcon_distutils_commands:/home/zhiyan/ros2_tutorial/ws01_plumbing/install/py01_topic/lib/python3.10/site-packages:${PYTHONPATH} /usr/bin/python3 -W ignore:setup.py install is deprecated -W ignore:easy_install command is deprecated setup.py egg_info --egg-base ../../build/py01_topic build --build-base /home/zhiyan/ros2_tutorial/ws01_plumbing/build/py01_topic/build install --record /home/zhiyan/ros2_tutorial/ws01_plumbing/build/py01_topic/install.log --single-version-externally-managed install_data --force
