running egg_info
writing ../../build/py01_topic/py01_topic.egg-info/PKG-INFO
writing dependency_links to ../../build/py01_topic/py01_topic.egg-info/dependency_links.txt
writing entry points to ../../build/py01_topic/py01_topic.egg-info/entry_points.txt
writing requirements to ../../build/py01_topic/py01_topic.egg-info/requires.txt
writing top-level names to ../../build/py01_topic/py01_topic.egg-info/top_level.txt
reading manifest file '../../build/py01_topic/py01_topic.egg-info/SOURCES.txt'
writing manifest file '../../build/py01_topic/py01_topic.egg-info/SOURCES.txt'
running build
running build_py
running install
running install_lib
byte-compiling /home/zhiyan/ros2_tutorial/ws01_plumbing/install/py01_topic/lib/python3.10/site-packages/py01_topic/demo01_talker_str_py.py to demo01_talker_str_py.cpython-310.pyc
  File "/home/zhiyan/ros2_tutorial/ws01_plumbing/install/py01_topic/lib/python3.10/site-packages/py01_topic/demo01_talker_str_py.py", line 39
    self.get_logger().info(f"发布的数据:%s" % message.data")
                                                     ^
SyntaxError: unterminated string literal (detected at line 39)

running install_data
running install_egg_info
removing '/home/zhiyan/ros2_tutorial/ws01_plumbing/install/py01_topic/lib/python3.10/site-packages/py01_topic-0.0.0-py3.10.egg-info' (and everything under it)
Copying ../../build/py01_topic/py01_topic.egg-info to /home/zhiyan/ros2_tutorial/ws01_plumbing/install/py01_topic/lib/python3.10/site-packages/py01_topic-0.0.0-py3.10.egg-info
running install_scripts
Installing demo01_talker_str_py script to /home/zhiyan/ros2_tutorial/ws01_plumbing/install/py01_topic/lib/py01_topic
Installing demo02_listener_str_py script to /home/zhiyan/ros2_tutorial/ws01_plumbing/install/py01_topic/lib/py01_topic
writing list of installed files to '/home/zhiyan/ros2_tutorial/ws01_plumbing/build/py01_topic/install.log'
