[0.009s] Invoking command in '/home/zhiyan/ros2_tutorial/ws01_plumbing/build/base_interfaces_demo': CMAKE_PREFIX_PATH=/opt/ros/humble /usr/bin/cmake --build /home/zhiyan/ros2_tutorial/ws01_plumbing/build/base_interfaces_demo -- -j20 -l20
[0.041s] -- Found ament_cmake: 1.3.14 (/opt/ros/humble/share/ament_cmake/cmake)
[0.148s] [31mCMake Error at CMakeLists.txt:13 (find_package):
[0.148s]   By not providing "Findrosidl_defualt_generators.cmake" in CMAKE_MODULE_PATH
[0.148s]   this project has asked CMake to find a package configuration file provided
[0.148s]   by "rosidl_defualt_generators", but CMake did not find one.
[0.148s] 
[0.149s]   Could not find a package configuration file provided by
[0.149s]   "rosidl_defualt_generators" with any of the following names:
[0.149s] 
[0.149s]     rosidl_defualt_generatorsConfig.cmake
[0.149s]     rosidl_defualt_generators-config.cmake
[0.149s] 
[0.149s]   Add the installation prefix of "rosidl_defualt_generators" to
[0.149s]   CMAKE_PREFIX_PATH or set "rosidl_defualt_generators_DIR" to a directory
[0.149s]   containing one of the above files.  If "rosidl_defualt_generators" provides
[0.149s]   a separate development package or SDK, be sure it has been installed.
[0.149s] 
[0.149s] [0m
[0.149s] -- Configuring incomplete, errors occurred!
[0.149s] See also "/home/zhiyan/ros2_tutorial/ws01_plumbing/build/base_interfaces_demo/CMakeFiles/CMakeOutput.log".
[0.150s] gmake: *** [Makefile:226：cmake_check_build_system] 错误 1
[0.152s] Invoked command in '/home/zhiyan/ros2_tutorial/ws01_plumbing/build/base_interfaces_demo' returned '2': CMAKE_PREFIX_PATH=/opt/ros/humble /usr/bin/cmake --build /home/zhiyan/ros2_tutorial/ws01_plumbing/build/base_interfaces_demo -- -j20 -l20
