[0.576s] Invoking command in '/home/zhiyan/ros2_tutorial/ws01_plumbing/build/py01_topic': PYTHONPATH=/home/zhiyan/ros2_tutorial/ws01_plumbing/build/py01_topic/prefix_override:/usr/lib/python3/dist-packages/colcon_core/task/python/colcon_distutils_commands:/home/zhiyan/ros2_tutorial/ws01_plumbing/install/py01_topic/lib/python3.10/site-packages:${PYTHONPATH} /usr/bin/python3 -W ignore:setup.py install is deprecated -W ignore:easy_install command is deprecated setup.py develop --uninstall --editable --build-directory /home/zhiyan/ros2_tutorial/ws01_plumbing/build/py01_topic/build
[0.805s] running develop
[0.886s] Removing /home/zhiyan/ros2_tutorial/ws01_plumbing/install/py01_topic/lib/python3.10/site-packages/py01-topic.egg-link (link to .)
[0.903s] Invoked command in '/home/zhiyan/ros2_tutorial/ws01_plumbing/build/py01_topic' returned '0': PYTHONPATH=/home/zhiyan/ros2_tutorial/ws01_plumbing/build/py01_topic/prefix_override:/usr/lib/python3/dist-packages/colcon_core/task/python/colcon_distutils_commands:/home/zhiyan/ros2_tutorial/ws01_plumbing/install/py01_topic/lib/python3.10/site-packages:${PYTHONPATH} /usr/bin/python3 -W ignore:setup.py install is deprecated -W ignore:easy_install command is deprecated setup.py develop --uninstall --editable --build-directory /home/zhiyan/ros2_tutorial/ws01_plumbing/build/py01_topic/build
[0.904s] Invoking command in '/home/zhiyan/ros2_tutorial/ws01_plumbing/src/py01_topic': PYTHONPATH=/home/zhiyan/ros2_tutorial/ws01_plumbing/build/py01_topic/prefix_override:/usr/lib/python3/dist-packages/colcon_core/task/python/colcon_distutils_commands:/home/zhiyan/ros2_tutorial/ws01_plumbing/install/py01_topic/lib/python3.10/site-packages:${PYTHONPATH} /usr/bin/python3 -W ignore:setup.py install is deprecated -W ignore:easy_install command is deprecated setup.py egg_info --egg-base ../../build/py01_topic build --build-base /home/zhiyan/ros2_tutorial/ws01_plumbing/build/py01_topic/build install --record /home/zhiyan/ros2_tutorial/ws01_plumbing/build/py01_topic/install.log --single-version-externally-managed install_data --force
[1.156s] running egg_info
[1.157s] writing ../../build/py01_topic/py01_topic.egg-info/PKG-INFO
[1.161s] writing dependency_links to ../../build/py01_topic/py01_topic.egg-info/dependency_links.txt
[1.161s] writing entry points to ../../build/py01_topic/py01_topic.egg-info/entry_points.txt
[1.161s] writing requirements to ../../build/py01_topic/py01_topic.egg-info/requires.txt
[1.161s] writing top-level names to ../../build/py01_topic/py01_topic.egg-info/top_level.txt
[1.163s] reading manifest file '../../build/py01_topic/py01_topic.egg-info/SOURCES.txt'
[1.164s] writing manifest file '../../build/py01_topic/py01_topic.egg-info/SOURCES.txt'
[1.164s] running build
[1.164s] running build_py
[1.164s] running install
[1.164s] running install_lib
[1.166s] creating /home/zhiyan/ros2_tutorial/ws01_plumbing/install/py01_topic/lib/python3.10/site-packages/py01_topic
[1.166s] copying /home/zhiyan/ros2_tutorial/ws01_plumbing/build/py01_topic/build/lib/py01_topic/demo01_talker_str_py.py -> /home/zhiyan/ros2_tutorial/ws01_plumbing/install/py01_topic/lib/python3.10/site-packages/py01_topic
[1.166s] copying /home/zhiyan/ros2_tutorial/ws01_plumbing/build/py01_topic/build/lib/py01_topic/__init__.py -> /home/zhiyan/ros2_tutorial/ws01_plumbing/install/py01_topic/lib/python3.10/site-packages/py01_topic
[1.166s] byte-compiling /home/zhiyan/ros2_tutorial/ws01_plumbing/install/py01_topic/lib/python3.10/site-packages/py01_topic/demo01_talker_str_py.py to demo01_talker_str_py.cpython-310.pyc
[1.166s] byte-compiling /home/zhiyan/ros2_tutorial/ws01_plumbing/install/py01_topic/lib/python3.10/site-packages/py01_topic/__init__.py to __init__.cpython-310.pyc
[1.167s] running install_data
[1.167s] copying resource/py01_topic -> /home/zhiyan/ros2_tutorial/ws01_plumbing/install/py01_topic/share/ament_index/resource_index/packages
[1.167s] copying package.xml -> /home/zhiyan/ros2_tutorial/ws01_plumbing/install/py01_topic/share/py01_topic
[1.167s] running install_egg_info
[1.170s] Copying ../../build/py01_topic/py01_topic.egg-info to /home/zhiyan/ros2_tutorial/ws01_plumbing/install/py01_topic/lib/python3.10/site-packages/py01_topic-0.0.0-py3.10.egg-info
[1.170s] running install_scripts
[1.201s] Installing demo01_talker_str_py script to /home/zhiyan/ros2_tutorial/ws01_plumbing/install/py01_topic/lib/py01_topic
[1.201s] writing list of installed files to '/home/zhiyan/ros2_tutorial/ws01_plumbing/build/py01_topic/install.log'
[1.219s] Invoked command in '/home/zhiyan/ros2_tutorial/ws01_plumbing/src/py01_topic' returned '0': PYTHONPATH=/home/zhiyan/ros2_tutorial/ws01_plumbing/build/py01_topic/prefix_override:/usr/lib/python3/dist-packages/colcon_core/task/python/colcon_distutils_commands:/home/zhiyan/ros2_tutorial/ws01_plumbing/install/py01_topic/lib/python3.10/site-packages:${PYTHONPATH} /usr/bin/python3 -W ignore:setup.py install is deprecated -W ignore:easy_install command is deprecated setup.py egg_info --egg-base ../../build/py01_topic build --build-base /home/zhiyan/ros2_tutorial/ws01_plumbing/build/py01_topic/build install --record /home/zhiyan/ros2_tutorial/ws01_plumbing/build/py01_topic/install.log --single-version-externally-managed install_data --force
