[0.061s] DEBUG:colcon:Command line arguments: ['/usr/bin/colcon', 'build']
[0.061s] DEBUG:colcon:Parsed command line arguments: Namespace(log_base=None, log_level=None, verb_name='build', build_base='build', install_base='install', merge_install=False, symlink_install=False, test_result_base=None, continue_on_error=False, executor='parallel', parallel_workers=20, event_handlers=None, ignore_user_meta=False, metas=['./colcon.meta'], base_paths=['.'], packages_ignore=None, packages_ignore_regex=None, paths=None, packages_up_to=None, packages_up_to_regex=None, packages_above=None, packages_above_and_dependencies=None, packages_above_depth=None, packages_select_by_dep=None, packages_skip_by_dep=None, packages_skip_up_to=None, packages_select_build_failed=False, packages_skip_build_finished=False, packages_select_test_failures=False, packages_skip_test_passed=False, packages_select=None, packages_skip=None, packages_select_regex=None, packages_skip_regex=None, packages_start=None, packages_end=None, allow_overriding=[], cmake_args=None, cmake_target=None, cmake_target_skip_unavailable=False, cmake_clean_cache=False, cmake_clean_first=False, cmake_force_configure=False, ament_cmake_args=None, catkin_cmake_args=None, catkin_skip_building_tests=False, verb_parser=<colcon_defaults.argument_parser.defaults.DefaultArgumentsDecorator object at 0x78adc565c3d0>, verb_extension=<colcon_core.verb.build.BuildVerb object at 0x78adc562fe80>, main=<bound method BuildVerb.main of <colcon_core.verb.build.BuildVerb object at 0x78adc562fe80>>)
[0.150s] Level 1:colcon.colcon_core.package_discovery:discover_packages(colcon_meta) check parameters
[0.150s] Level 1:colcon.colcon_core.package_discovery:discover_packages(recursive) check parameters
[0.150s] Level 1:colcon.colcon_core.package_discovery:discover_packages(ignore) check parameters
[0.150s] Level 1:colcon.colcon_core.package_discovery:discover_packages(path) check parameters
[0.150s] Level 1:colcon.colcon_core.package_discovery:discover_packages(colcon_meta) discover
[0.150s] Level 1:colcon.colcon_core.package_discovery:discover_packages(recursive) discover
[0.150s] INFO:colcon.colcon_core.package_discovery:Crawling recursively for packages in '/home/zhiyan/ws00_helloworld'
[0.150s] Level 1:colcon.colcon_core.package_identification:_identify(.) by extensions ['ignore', 'ignore_ament_install']
[0.150s] Level 1:colcon.colcon_core.package_identification:_identify(.) by extension 'ignore'
[0.150s] Level 1:colcon.colcon_core.package_identification:_identify(.) by extension 'ignore_ament_install'
[0.150s] Level 1:colcon.colcon_core.package_identification:_identify(.) by extensions ['colcon_pkg']
[0.150s] Level 1:colcon.colcon_core.package_identification:_identify(.) by extension 'colcon_pkg'
[0.150s] Level 1:colcon.colcon_core.package_identification:_identify(.) by extensions ['colcon_meta']
[0.150s] Level 1:colcon.colcon_core.package_identification:_identify(.) by extension 'colcon_meta'
[0.150s] Level 1:colcon.colcon_core.package_identification:_identify(.) by extensions ['ros']
[0.150s] Level 1:colcon.colcon_core.package_identification:_identify(.) by extension 'ros'
[0.157s] Level 1:colcon.colcon_core.package_identification:_identify(.) by extensions ['cmake', 'python']
[0.157s] Level 1:colcon.colcon_core.package_identification:_identify(.) by extension 'cmake'
[0.157s] Level 1:colcon.colcon_core.package_identification:_identify(.) by extension 'python'
[0.158s] Level 1:colcon.colcon_core.package_identification:_identify(.) by extensions ['python_setup_py']
[0.158s] Level 1:colcon.colcon_core.package_identification:_identify(.) by extension 'python_setup_py'
[0.158s] Level 1:colcon.colcon_core.package_identification:_identify(build) by extensions ['ignore', 'ignore_ament_install']
[0.158s] Level 1:colcon.colcon_core.package_identification:_identify(build) by extension 'ignore'
[0.158s] Level 1:colcon.colcon_core.package_identification:_identify(build) ignored
[0.158s] Level 1:colcon.colcon_core.package_identification:_identify(install) by extensions ['ignore', 'ignore_ament_install']
[0.158s] Level 1:colcon.colcon_core.package_identification:_identify(install) by extension 'ignore'
[0.158s] Level 1:colcon.colcon_core.package_identification:_identify(install) ignored
[0.158s] Level 1:colcon.colcon_core.package_identification:_identify(log) by extensions ['ignore', 'ignore_ament_install']
[0.158s] Level 1:colcon.colcon_core.package_identification:_identify(log) by extension 'ignore'
[0.158s] Level 1:colcon.colcon_core.package_identification:_identify(log) ignored
[0.158s] Level 1:colcon.colcon_core.package_identification:_identify(src) by extensions ['ignore', 'ignore_ament_install']
[0.158s] Level 1:colcon.colcon_core.package_identification:_identify(src) by extension 'ignore'
[0.158s] Level 1:colcon.colcon_core.package_identification:_identify(src) by extension 'ignore_ament_install'
[0.158s] Level 1:colcon.colcon_core.package_identification:_identify(src) by extensions ['colcon_pkg']
[0.158s] Level 1:colcon.colcon_core.package_identification:_identify(src) by extension 'colcon_pkg'
[0.158s] Level 1:colcon.colcon_core.package_identification:_identify(src) by extensions ['colcon_meta']
[0.158s] Level 1:colcon.colcon_core.package_identification:_identify(src) by extension 'colcon_meta'
[0.158s] Level 1:colcon.colcon_core.package_identification:_identify(src) by extensions ['ros']
[0.158s] Level 1:colcon.colcon_core.package_identification:_identify(src) by extension 'ros'
[0.158s] Level 1:colcon.colcon_core.package_identification:_identify(src) by extensions ['cmake', 'python']
[0.158s] Level 1:colcon.colcon_core.package_identification:_identify(src) by extension 'cmake'
[0.158s] Level 1:colcon.colcon_core.package_identification:_identify(src) by extension 'python'
[0.158s] Level 1:colcon.colcon_core.package_identification:_identify(src) by extensions ['python_setup_py']
[0.158s] Level 1:colcon.colcon_core.package_identification:_identify(src) by extension 'python_setup_py'
[0.158s] Level 1:colcon.colcon_core.package_identification:_identify(src/pkg01_helloworld_cpp) by extensions ['ignore', 'ignore_ament_install']
[0.158s] Level 1:colcon.colcon_core.package_identification:_identify(src/pkg01_helloworld_cpp) by extension 'ignore'
[0.158s] Level 1:colcon.colcon_core.package_identification:_identify(src/pkg01_helloworld_cpp) by extension 'ignore_ament_install'
[0.158s] Level 1:colcon.colcon_core.package_identification:_identify(src/pkg01_helloworld_cpp) by extensions ['colcon_pkg']
[0.158s] Level 1:colcon.colcon_core.package_identification:_identify(src/pkg01_helloworld_cpp) by extension 'colcon_pkg'
[0.158s] Level 1:colcon.colcon_core.package_identification:_identify(src/pkg01_helloworld_cpp) by extensions ['colcon_meta']
[0.158s] Level 1:colcon.colcon_core.package_identification:_identify(src/pkg01_helloworld_cpp) by extension 'colcon_meta'
[0.158s] Level 1:colcon.colcon_core.package_identification:_identify(src/pkg01_helloworld_cpp) by extensions ['ros']
[0.158s] Level 1:colcon.colcon_core.package_identification:_identify(src/pkg01_helloworld_cpp) by extension 'ros'
[0.160s] DEBUG:colcon.colcon_core.package_identification:Package 'src/pkg01_helloworld_cpp' with type 'ros.ament_cmake' and name 'pkg01_helloworld_cpp'
[0.160s] Level 1:colcon.colcon_core.package_identification:_identify(src/pkg02_helloworld_py) by extensions ['ignore', 'ignore_ament_install']
[0.160s] Level 1:colcon.colcon_core.package_identification:_identify(src/pkg02_helloworld_py) by extension 'ignore'
[0.160s] Level 1:colcon.colcon_core.package_identification:_identify(src/pkg02_helloworld_py) by extension 'ignore_ament_install'
[0.160s] Level 1:colcon.colcon_core.package_identification:_identify(src/pkg02_helloworld_py) by extensions ['colcon_pkg']
[0.160s] Level 1:colcon.colcon_core.package_identification:_identify(src/pkg02_helloworld_py) by extension 'colcon_pkg'
[0.160s] Level 1:colcon.colcon_core.package_identification:_identify(src/pkg02_helloworld_py) by extensions ['colcon_meta']
[0.160s] Level 1:colcon.colcon_core.package_identification:_identify(src/pkg02_helloworld_py) by extension 'colcon_meta'
[0.160s] Level 1:colcon.colcon_core.package_identification:_identify(src/pkg02_helloworld_py) by extensions ['ros']
[0.160s] Level 1:colcon.colcon_core.package_identification:_identify(src/pkg02_helloworld_py) by extension 'ros'
[0.161s] DEBUG:colcon.colcon_core.package_identification:Package 'src/pkg02_helloworld_py' with type 'ros.ament_python' and name 'pkg02_helloworld_py'
[0.161s] Level 1:colcon.colcon_core.package_discovery:discover_packages(recursive) using defaults
[0.161s] Level 1:colcon.colcon_core.package_discovery:discover_packages(ignore) discover
[0.161s] Level 1:colcon.colcon_core.package_discovery:discover_packages(ignore) using defaults
[0.161s] Level 1:colcon.colcon_core.package_discovery:discover_packages(path) discover
[0.161s] Level 1:colcon.colcon_core.package_discovery:discover_packages(path) using defaults
[0.173s] Level 1:colcon.colcon_core.package_discovery:discover_packages(prefix_path) check parameters
[0.173s] Level 1:colcon.colcon_core.package_discovery:discover_packages(prefix_path) discover
[0.174s] DEBUG:colcon.colcon_installed_package_information.package_discovery:Found 273 installed packages in /opt/ros/humble
[0.182s] Level 1:colcon.colcon_core.package_discovery:discover_packages(prefix_path) using defaults
[0.202s] Level 5:colcon.colcon_core.verb:set package 'pkg01_helloworld_cpp' build argument 'cmake_args' from command line to 'None'
[0.202s] Level 5:colcon.colcon_core.verb:set package 'pkg01_helloworld_cpp' build argument 'cmake_target' from command line to 'None'
[0.202s] Level 5:colcon.colcon_core.verb:set package 'pkg01_helloworld_cpp' build argument 'cmake_target_skip_unavailable' from command line to 'False'
[0.202s] Level 5:colcon.colcon_core.verb:set package 'pkg01_helloworld_cpp' build argument 'cmake_clean_cache' from command line to 'False'
[0.202s] Level 5:colcon.colcon_core.verb:set package 'pkg01_helloworld_cpp' build argument 'cmake_clean_first' from command line to 'False'
[0.202s] Level 5:colcon.colcon_core.verb:set package 'pkg01_helloworld_cpp' build argument 'cmake_force_configure' from command line to 'False'
[0.202s] Level 5:colcon.colcon_core.verb:set package 'pkg01_helloworld_cpp' build argument 'ament_cmake_args' from command line to 'None'
[0.202s] Level 5:colcon.colcon_core.verb:set package 'pkg01_helloworld_cpp' build argument 'catkin_cmake_args' from command line to 'None'
[0.202s] Level 5:colcon.colcon_core.verb:set package 'pkg01_helloworld_cpp' build argument 'catkin_skip_building_tests' from command line to 'False'
[0.202s] DEBUG:colcon.colcon_core.verb:Building package 'pkg01_helloworld_cpp' with the following arguments: {'ament_cmake_args': None, 'build_base': '/home/zhiyan/ws00_helloworld/build/pkg01_helloworld_cpp', 'catkin_cmake_args': None, 'catkin_skip_building_tests': False, 'cmake_args': None, 'cmake_clean_cache': False, 'cmake_clean_first': False, 'cmake_force_configure': False, 'cmake_target': None, 'cmake_target_skip_unavailable': False, 'install_base': '/home/zhiyan/ws00_helloworld/install/pkg01_helloworld_cpp', 'merge_install': False, 'path': '/home/zhiyan/ws00_helloworld/src/pkg01_helloworld_cpp', 'symlink_install': False, 'test_result_base': None}
[0.202s] Level 5:colcon.colcon_core.verb:set package 'pkg02_helloworld_py' build argument 'cmake_args' from command line to 'None'
[0.202s] Level 5:colcon.colcon_core.verb:set package 'pkg02_helloworld_py' build argument 'cmake_target' from command line to 'None'
[0.202s] Level 5:colcon.colcon_core.verb:set package 'pkg02_helloworld_py' build argument 'cmake_target_skip_unavailable' from command line to 'False'
[0.202s] Level 5:colcon.colcon_core.verb:set package 'pkg02_helloworld_py' build argument 'cmake_clean_cache' from command line to 'False'
[0.203s] Level 5:colcon.colcon_core.verb:set package 'pkg02_helloworld_py' build argument 'cmake_clean_first' from command line to 'False'
[0.203s] Level 5:colcon.colcon_core.verb:set package 'pkg02_helloworld_py' build argument 'cmake_force_configure' from command line to 'False'
[0.203s] Level 5:colcon.colcon_core.verb:set package 'pkg02_helloworld_py' build argument 'ament_cmake_args' from command line to 'None'
[0.203s] Level 5:colcon.colcon_core.verb:set package 'pkg02_helloworld_py' build argument 'catkin_cmake_args' from command line to 'None'
[0.203s] Level 5:colcon.colcon_core.verb:set package 'pkg02_helloworld_py' build argument 'catkin_skip_building_tests' from command line to 'False'
[0.203s] DEBUG:colcon.colcon_core.verb:Building package 'pkg02_helloworld_py' with the following arguments: {'ament_cmake_args': None, 'build_base': '/home/zhiyan/ws00_helloworld/build/pkg02_helloworld_py', 'catkin_cmake_args': None, 'catkin_skip_building_tests': False, 'cmake_args': None, 'cmake_clean_cache': False, 'cmake_clean_first': False, 'cmake_force_configure': False, 'cmake_target': None, 'cmake_target_skip_unavailable': False, 'install_base': '/home/zhiyan/ws00_helloworld/install/pkg02_helloworld_py', 'merge_install': False, 'path': '/home/zhiyan/ws00_helloworld/src/pkg02_helloworld_py', 'symlink_install': False, 'test_result_base': None}
[0.203s] INFO:colcon.colcon_core.executor:Executing jobs using 'parallel' executor
[0.204s] DEBUG:colcon.colcon_parallel_executor.executor.parallel:run_until_complete
[0.204s] INFO:colcon.colcon_ros.task.ament_cmake.build:Building ROS package in '/home/zhiyan/ws00_helloworld/src/pkg01_helloworld_cpp' with build type 'ament_cmake'
[0.204s] INFO:colcon.colcon_cmake.task.cmake.build:Building CMake package in '/home/zhiyan/ws00_helloworld/src/pkg01_helloworld_cpp'
[0.205s] INFO:colcon.colcon_core.plugin_system:Skipping extension 'colcon_core.shell.bat': Not used on non-Windows systems
[0.205s] INFO:colcon.colcon_core.shell:Skip shell extension 'powershell' for command environment: Not usable outside of PowerShell
[0.205s] DEBUG:colcon.colcon_core.shell:Skip shell extension 'dsv' for command environment
[0.207s] INFO:colcon.colcon_ros.task.ament_python.build:Building ROS package in '/home/zhiyan/ws00_helloworld/src/pkg02_helloworld_py' with build type 'ament_python'
[0.207s] Level 1:colcon.colcon_core.shell:create_environment_hook('pkg02_helloworld_py', 'ament_prefix_path')
[0.207s] INFO:colcon.colcon_core.shell:Creating environment hook '/home/zhiyan/ws00_helloworld/install/pkg02_helloworld_py/share/pkg02_helloworld_py/hook/ament_prefix_path.ps1'
[0.207s] INFO:colcon.colcon_core.shell:Creating environment descriptor '/home/zhiyan/ws00_helloworld/install/pkg02_helloworld_py/share/pkg02_helloworld_py/hook/ament_prefix_path.dsv'
[0.208s] INFO:colcon.colcon_core.shell:Creating environment hook '/home/zhiyan/ws00_helloworld/install/pkg02_helloworld_py/share/pkg02_helloworld_py/hook/ament_prefix_path.sh'
[0.208s] INFO:colcon.colcon_core.shell:Skip shell extension 'powershell' for command environment: Not usable outside of PowerShell
[0.208s] DEBUG:colcon.colcon_core.shell:Skip shell extension 'dsv' for command environment
[0.213s] DEBUG:colcon.colcon_core.event_handler.log_command:Invoking command in '/home/zhiyan/ws00_helloworld/build/pkg01_helloworld_cpp': CMAKE_PREFIX_PATH=/opt/ros/humble /usr/bin/cmake --build /home/zhiyan/ws00_helloworld/build/pkg01_helloworld_cpp -- -j20 -l20
[0.363s] INFO:colcon.colcon_core.task.python.build:Building Python package in '/home/zhiyan/ws00_helloworld/src/pkg02_helloworld_py'
[0.364s] INFO:colcon.colcon_core.shell:Skip shell extension 'powershell' for command environment: Not usable outside of PowerShell
[0.364s] DEBUG:colcon.colcon_core.shell:Skip shell extension 'dsv' for command environment
[0.557s] DEBUG:colcon.colcon_core.event_handler.log_command:Invoking command in '/home/zhiyan/ws00_helloworld/src/pkg02_helloworld_py': PYTHONPATH=/home/zhiyan/ws00_helloworld/build/pkg02_helloworld_py/prefix_override:/usr/lib/python3/dist-packages/colcon_core/task/python/colcon_distutils_commands:/home/zhiyan/ws00_helloworld/install/pkg02_helloworld_py/lib/python3.10/site-packages:${PYTHONPATH} /usr/bin/python3 -W ignore:setup.py install is deprecated -W ignore:easy_install command is deprecated setup.py egg_info --egg-base ../../build/pkg02_helloworld_py build --build-base /home/zhiyan/ws00_helloworld/build/pkg02_helloworld_py/build install --record /home/zhiyan/ws00_helloworld/build/pkg02_helloworld_py/install.log --single-version-externally-managed install_data
[0.722s] DEBUG:colcon.colcon_core.event_handler.log_command:Invoked command in '/home/zhiyan/ws00_helloworld/src/pkg02_helloworld_py' returned '0': PYTHONPATH=/home/zhiyan/ws00_helloworld/build/pkg02_helloworld_py/prefix_override:/usr/lib/python3/dist-packages/colcon_core/task/python/colcon_distutils_commands:/home/zhiyan/ws00_helloworld/install/pkg02_helloworld_py/lib/python3.10/site-packages:${PYTHONPATH} /usr/bin/python3 -W ignore:setup.py install is deprecated -W ignore:easy_install command is deprecated setup.py egg_info --egg-base ../../build/pkg02_helloworld_py build --build-base /home/zhiyan/ws00_helloworld/build/pkg02_helloworld_py/build install --record /home/zhiyan/ws00_helloworld/build/pkg02_helloworld_py/install.log --single-version-externally-managed install_data
[0.724s] Level 1:colcon.colcon_core.environment:checking '/home/zhiyan/ws00_helloworld/install/pkg02_helloworld_py' for CMake module files
[0.724s] Level 1:colcon.colcon_core.environment:checking '/home/zhiyan/ws00_helloworld/install/pkg02_helloworld_py' for CMake config files
[0.724s] Level 1:colcon.colcon_core.environment:checking '/home/zhiyan/ws00_helloworld/install/pkg02_helloworld_py/lib'
[0.725s] Level 1:colcon.colcon_core.environment:checking '/home/zhiyan/ws00_helloworld/install/pkg02_helloworld_py/bin'
[0.725s] Level 1:colcon.colcon_core.environment:checking '/home/zhiyan/ws00_helloworld/install/pkg02_helloworld_py/lib/pkgconfig/pkg02_helloworld_py.pc'
[0.725s] Level 1:colcon.colcon_core.environment:checking '/home/zhiyan/ws00_helloworld/install/pkg02_helloworld_py/lib/python3.10/site-packages'
[0.725s] Level 1:colcon.colcon_core.shell:create_environment_hook('pkg02_helloworld_py', 'pythonpath')
[0.725s] INFO:colcon.colcon_core.shell:Creating environment hook '/home/zhiyan/ws00_helloworld/install/pkg02_helloworld_py/share/pkg02_helloworld_py/hook/pythonpath.ps1'
[0.725s] INFO:colcon.colcon_core.shell:Creating environment descriptor '/home/zhiyan/ws00_helloworld/install/pkg02_helloworld_py/share/pkg02_helloworld_py/hook/pythonpath.dsv'
[0.725s] INFO:colcon.colcon_core.shell:Creating environment hook '/home/zhiyan/ws00_helloworld/install/pkg02_helloworld_py/share/pkg02_helloworld_py/hook/pythonpath.sh'
[0.726s] Level 1:colcon.colcon_core.environment:checking '/home/zhiyan/ws00_helloworld/install/pkg02_helloworld_py/bin'
[0.726s] Level 1:colcon.colcon_core.environment:create_environment_scripts_only(pkg02_helloworld_py)
[0.726s] INFO:colcon.colcon_core.shell:Creating package script '/home/zhiyan/ws00_helloworld/install/pkg02_helloworld_py/share/pkg02_helloworld_py/package.ps1'
[0.727s] INFO:colcon.colcon_core.shell:Creating package descriptor '/home/zhiyan/ws00_helloworld/install/pkg02_helloworld_py/share/pkg02_helloworld_py/package.dsv'
[0.727s] INFO:colcon.colcon_core.shell:Creating package script '/home/zhiyan/ws00_helloworld/install/pkg02_helloworld_py/share/pkg02_helloworld_py/package.sh'
[0.727s] INFO:colcon.colcon_core.shell:Creating package script '/home/zhiyan/ws00_helloworld/install/pkg02_helloworld_py/share/pkg02_helloworld_py/package.bash'
[0.728s] INFO:colcon.colcon_core.shell:Creating package script '/home/zhiyan/ws00_helloworld/install/pkg02_helloworld_py/share/pkg02_helloworld_py/package.zsh'
[0.728s] Level 1:colcon.colcon_core.environment:create_file_with_runtime_dependencies(/home/zhiyan/ws00_helloworld/install/pkg02_helloworld_py/share/colcon-core/packages/pkg02_helloworld_py)
[1.999s] DEBUG:colcon.colcon_core.event_handler.log_command:Invoked command in '/home/zhiyan/ws00_helloworld/build/pkg01_helloworld_cpp' returned '0': CMAKE_PREFIX_PATH=/opt/ros/humble /usr/bin/cmake --build /home/zhiyan/ws00_helloworld/build/pkg01_helloworld_cpp -- -j20 -l20
[2.009s] DEBUG:colcon.colcon_core.event_handler.log_command:Invoking command in '/home/zhiyan/ws00_helloworld/build/pkg01_helloworld_cpp': CMAKE_PREFIX_PATH=/opt/ros/humble /usr/bin/cmake --install /home/zhiyan/ws00_helloworld/build/pkg01_helloworld_cpp
[2.018s] Level 1:colcon.colcon_core.environment:create_environment_scripts_only(pkg01_helloworld_cpp)
[2.018s] Level 1:colcon.colcon_core.environment:checking '/home/zhiyan/ws00_helloworld/install/pkg01_helloworld_cpp' for CMake module files
[2.019s] DEBUG:colcon.colcon_core.event_handler.log_command:Invoked command in '/home/zhiyan/ws00_helloworld/build/pkg01_helloworld_cpp' returned '0': CMAKE_PREFIX_PATH=/opt/ros/humble /usr/bin/cmake --install /home/zhiyan/ws00_helloworld/build/pkg01_helloworld_cpp
[2.019s] Level 1:colcon.colcon_core.environment:checking '/home/zhiyan/ws00_helloworld/install/pkg01_helloworld_cpp' for CMake config files
[2.019s] Level 1:colcon.colcon_core.shell:create_environment_hook('pkg01_helloworld_cpp', 'cmake_prefix_path')
[2.019s] INFO:colcon.colcon_core.shell:Creating environment hook '/home/zhiyan/ws00_helloworld/install/pkg01_helloworld_cpp/share/pkg01_helloworld_cpp/hook/cmake_prefix_path.ps1'
[2.020s] INFO:colcon.colcon_core.shell:Creating environment descriptor '/home/zhiyan/ws00_helloworld/install/pkg01_helloworld_cpp/share/pkg01_helloworld_cpp/hook/cmake_prefix_path.dsv'
[2.020s] INFO:colcon.colcon_core.shell:Creating environment hook '/home/zhiyan/ws00_helloworld/install/pkg01_helloworld_cpp/share/pkg01_helloworld_cpp/hook/cmake_prefix_path.sh'
[2.021s] Level 1:colcon.colcon_core.environment:checking '/home/zhiyan/ws00_helloworld/install/pkg01_helloworld_cpp/lib'
[2.021s] Level 1:colcon.colcon_core.environment:checking '/home/zhiyan/ws00_helloworld/install/pkg01_helloworld_cpp/bin'
[2.021s] Level 1:colcon.colcon_core.environment:checking '/home/zhiyan/ws00_helloworld/install/pkg01_helloworld_cpp/lib/pkgconfig/pkg01_helloworld_cpp.pc'
[2.021s] Level 1:colcon.colcon_core.environment:checking '/home/zhiyan/ws00_helloworld/install/pkg01_helloworld_cpp/lib/python3.10/site-packages'
[2.021s] Level 1:colcon.colcon_core.environment:checking '/home/zhiyan/ws00_helloworld/install/pkg01_helloworld_cpp/bin'
[2.021s] INFO:colcon.colcon_core.shell:Creating package script '/home/zhiyan/ws00_helloworld/install/pkg01_helloworld_cpp/share/pkg01_helloworld_cpp/package.ps1'
[2.022s] INFO:colcon.colcon_core.shell:Creating package descriptor '/home/zhiyan/ws00_helloworld/install/pkg01_helloworld_cpp/share/pkg01_helloworld_cpp/package.dsv'
[2.022s] INFO:colcon.colcon_core.shell:Creating package script '/home/zhiyan/ws00_helloworld/install/pkg01_helloworld_cpp/share/pkg01_helloworld_cpp/package.sh'
[2.022s] INFO:colcon.colcon_core.shell:Creating package script '/home/zhiyan/ws00_helloworld/install/pkg01_helloworld_cpp/share/pkg01_helloworld_cpp/package.bash'
[2.023s] INFO:colcon.colcon_core.shell:Creating package script '/home/zhiyan/ws00_helloworld/install/pkg01_helloworld_cpp/share/pkg01_helloworld_cpp/package.zsh'
[2.023s] Level 1:colcon.colcon_core.environment:create_file_with_runtime_dependencies(/home/zhiyan/ws00_helloworld/install/pkg01_helloworld_cpp/share/colcon-core/packages/pkg01_helloworld_cpp)
[2.023s] Level 1:colcon.colcon_core.environment:create_environment_scripts_only(pkg01_helloworld_cpp)
[2.023s] Level 1:colcon.colcon_core.environment:checking '/home/zhiyan/ws00_helloworld/install/pkg01_helloworld_cpp' for CMake module files
[2.023s] Level 1:colcon.colcon_core.environment:checking '/home/zhiyan/ws00_helloworld/install/pkg01_helloworld_cpp' for CMake config files
[2.023s] Level 1:colcon.colcon_core.shell:create_environment_hook('pkg01_helloworld_cpp', 'cmake_prefix_path')
[2.024s] INFO:colcon.colcon_core.shell:Creating environment hook '/home/zhiyan/ws00_helloworld/install/pkg01_helloworld_cpp/share/pkg01_helloworld_cpp/hook/cmake_prefix_path.ps1'
[2.024s] INFO:colcon.colcon_core.shell:Creating environment descriptor '/home/zhiyan/ws00_helloworld/install/pkg01_helloworld_cpp/share/pkg01_helloworld_cpp/hook/cmake_prefix_path.dsv'
[2.024s] INFO:colcon.colcon_core.shell:Creating environment hook '/home/zhiyan/ws00_helloworld/install/pkg01_helloworld_cpp/share/pkg01_helloworld_cpp/hook/cmake_prefix_path.sh'
[2.024s] Level 1:colcon.colcon_core.environment:checking '/home/zhiyan/ws00_helloworld/install/pkg01_helloworld_cpp/lib'
[2.024s] Level 1:colcon.colcon_core.environment:checking '/home/zhiyan/ws00_helloworld/install/pkg01_helloworld_cpp/bin'
[2.024s] Level 1:colcon.colcon_core.environment:checking '/home/zhiyan/ws00_helloworld/install/pkg01_helloworld_cpp/lib/pkgconfig/pkg01_helloworld_cpp.pc'
[2.025s] Level 1:colcon.colcon_core.environment:checking '/home/zhiyan/ws00_helloworld/install/pkg01_helloworld_cpp/lib/python3.10/site-packages'
[2.025s] Level 1:colcon.colcon_core.environment:checking '/home/zhiyan/ws00_helloworld/install/pkg01_helloworld_cpp/bin'
[2.025s] INFO:colcon.colcon_core.shell:Creating package script '/home/zhiyan/ws00_helloworld/install/pkg01_helloworld_cpp/share/pkg01_helloworld_cpp/package.ps1'
[2.025s] INFO:colcon.colcon_core.shell:Creating package descriptor '/home/zhiyan/ws00_helloworld/install/pkg01_helloworld_cpp/share/pkg01_helloworld_cpp/package.dsv'
[2.025s] INFO:colcon.colcon_core.shell:Creating package script '/home/zhiyan/ws00_helloworld/install/pkg01_helloworld_cpp/share/pkg01_helloworld_cpp/package.sh'
[2.026s] INFO:colcon.colcon_core.shell:Creating package script '/home/zhiyan/ws00_helloworld/install/pkg01_helloworld_cpp/share/pkg01_helloworld_cpp/package.bash'
[2.026s] INFO:colcon.colcon_core.shell:Creating package script '/home/zhiyan/ws00_helloworld/install/pkg01_helloworld_cpp/share/pkg01_helloworld_cpp/package.zsh'
[2.026s] Level 1:colcon.colcon_core.environment:create_file_with_runtime_dependencies(/home/zhiyan/ws00_helloworld/install/pkg01_helloworld_cpp/share/colcon-core/packages/pkg01_helloworld_cpp)
[2.027s] DEBUG:colcon.colcon_parallel_executor.executor.parallel:closing loop
[2.027s] DEBUG:colcon.colcon_parallel_executor.executor.parallel:loop closed
[2.027s] DEBUG:colcon.colcon_parallel_executor.executor.parallel:run_until_complete finished with '0'
[2.027s] DEBUG:colcon.colcon_core.event_reactor:joining thread
[2.030s] INFO:colcon.colcon_core.plugin_system:Skipping extension 'colcon_notification.desktop_notification.terminal_notifier': Not used on non-Darwin systems
[2.030s] INFO:colcon.colcon_core.plugin_system:Skipping extension 'colcon_notification.desktop_notification.win32': Not used on non-Windows systems
[2.030s] INFO:colcon.colcon_notification.desktop_notification:Sending desktop notification using 'notify2'
[2.041s] DEBUG:colcon.colcon_core.event_reactor:joined thread
[2.042s] INFO:colcon.colcon_core.shell:Creating prefix script '/home/zhiyan/ws00_helloworld/install/local_setup.ps1'
[2.042s] INFO:colcon.colcon_core.shell:Creating prefix util module '/home/zhiyan/ws00_helloworld/install/_local_setup_util_ps1.py'
[2.043s] INFO:colcon.colcon_core.shell:Creating prefix chain script '/home/zhiyan/ws00_helloworld/install/setup.ps1'
[2.044s] INFO:colcon.colcon_core.shell:Creating prefix script '/home/zhiyan/ws00_helloworld/install/local_setup.sh'
[2.045s] INFO:colcon.colcon_core.shell:Creating prefix util module '/home/zhiyan/ws00_helloworld/install/_local_setup_util_sh.py'
[2.045s] INFO:colcon.colcon_core.shell:Creating prefix chain script '/home/zhiyan/ws00_helloworld/install/setup.sh'
[2.046s] INFO:colcon.colcon_core.shell:Creating prefix script '/home/zhiyan/ws00_helloworld/install/local_setup.bash'
[2.047s] INFO:colcon.colcon_core.shell:Creating prefix chain script '/home/zhiyan/ws00_helloworld/install/setup.bash'
[2.047s] INFO:colcon.colcon_core.shell:Creating prefix script '/home/zhiyan/ws00_helloworld/install/local_setup.zsh'
[2.048s] INFO:colcon.colcon_core.shell:Creating prefix chain script '/home/zhiyan/ws00_helloworld/install/setup.zsh'
